<html>
<body>
<pre>
<h1>礦ision Build Log</h1>
<h2>Tool Versions:</h2>
IDE-Version: μVision V5.34.0.0
Copyright (C) 2021 ARM Ltd and ARM Germany GmbH. All rights reserved.
License Information: 123 123, 123, LIC=GMZI6-DEPTA-74RS0-BP0DW-B3KTT-Z2M3I
 
Tool Versions:
Toolchain:       MDK-ARM Plus  Version: 5.34.0.0
Toolchain Path:  E:\Keil_v5\ARM\ARMCC\Bin
C Compiler:      Armcc.exe V5.06 update 7 (build 960)
Assembler:       Armasm.exe V5.06 update 7 (build 960)
Linker/Locator:  ArmLink.exe V5.06 update 7 (build 960)
Library Manager: ArmAr.exe V5.06 update 7 (build 960)
Hex Converter:   FromElf.exe V5.06 update 7 (build 960)
CPU DLL:         SARMCM3.DLL V5.34.0.0
Dialog DLL:      DCM.DLL V1.17.3.0
Target DLL:      CMSIS_AGDI.dll V1.32.13.0
Dialog DLL:      TCM.DLL V1.48.0.0
 
<h2>Project:</h2>
E:\项目开发\第三方例程和教程\emWin\code\ExplorerV3 STM32F407\3，emWin例程\emWin实验2 uC-OS3操作系统移植\Projects\MDK-ARM\atk_f407.uvprojx
Project File Date:  06/06/2023

<h2>Output:</h2>
*** Using Compiler 'V5.06 update 7 (build 960)', folder: 'E:\Keil_v5\ARM\ARMCC\Bin'
Build target 'emWin'
assembling startup_stm32f407xx.s...
compiling stm32f4xx_it.c...
compiling main.c...
compiling system_stm32f4xx.c...
compiling uc-os3_demo.c...
compiling delay.c...
compiling sys.c...
compiling usart.c...
compiling stm32f4xx_hal.c...
compiling stm32f4xx_hal_rcc.c...
compiling stm32f4xx_hal_gpio.c...
compiling stm32f4xx_hal_cortex.c...
compiling stm32f4xx_hal_rcc_ex.c...
compiling stm32f4xx_hal_pwr.c...
compiling stm32f4xx_hal_pwr_ex.c...
compiling stm32f4xx_hal_usart.c...
compiling stm32f4xx_hal_uart.c...
compiling stm32f4xx_hal_dma_ex.c...
compiling stm32f4xx_hal_tim_ex.c...
compiling stm32f4xx_hal_tim.c...
compiling stm32f4xx_hal_sram.c...
compiling stm32f4xx_ll_fsmc.c...
compiling stm32f4xx_hal_i2c_ex.c...
compiling stm32f4xx_hal_dma.c...
compiling led.c...
compiling stm32f4xx_hal_i2c.c...
compiling lcd.c...
compiling 24cxx.c...
compiling key.c...
compiling myiic.c...
compiling ctiic.c...
compiling ft5206.c...
compiling gt9xxx.c...
compiling touch.c...
compiling GUIConf.c...
compiling malloc.c...
compiling sram.c...
compiling GUI_X_Touch_Analog.c...
compiling GUIDEMO_AntialiasedText.c...
compiling GUIDEMO.c...
compiling GUIDEMO_BarGraph.c...
compiling GUIDRV_Template.c...
compiling LCDConf.c...
compiling GUIDEMO_Automotive.c...
compiling GUIDEMO_Bitmap.c...
compiling GUIDEMO_ColorBar.c...
compiling GUIDEMO_Conf.c...
compiling GUIDEMO_Cursor.c...
compiling GUIDEMO_Fading.c...
compiling GUIDEMO_Graph.c...
compiling GUIDEMO_ImageFlow.c...
compiling GUIDEMO_IconView.c...
compiling GUIDEMO_Intro.c...
compiling GUIDEMO_Listview.c...
compiling GUIDEMO_Resource.c...
compiling GUIDEMO_RadialMenu.c...
compiling GUIDEMO_Skinning.c...
compiling GUIDEMO_Speed.c...
compiling GUIDEMO_Speedometer.c...
compiling GUIDEMO_Start.c...
compiling GUIDEMO_Touch.c...
compiling GUIDEMO_TransparentDialog.c...
compiling GUIDEMO_VScreen.c...
compiling GUIDEMO_WashingMachine.c...
compiling GUIDEMO_Treeview.c...
compiling bsp_cpu.c...
compiling GUI_X_uCOS.c...
compiling GUIDEMO_ZoomAndRotate.c...
compiling bsp_os_dt.c...
assembling cpu_a.asm...
compiling cpu_c.c...
compiling cpu_core.c...
compiling lib_ascii.c...
compiling lib_math.c...
compiling lib_mem.c...
compiling os_app_hooks.c...
compiling lib_str.c...
compiling os_cpu_c.c...
assembling os_cpu_a.asm...
compiling os_cfg_app.c...
compiling os_flag.c...
compiling os_dbg.c...
compiling os_core.c...
compiling os_mem.c...
compiling os_mutex.c...
compiling os_msg.c...
compiling os_prio.c...
compiling os_q.c...
compiling os_stat.c...
compiling os_sem.c...
compiling os_task.c...
compiling os_tick.c...
compiling os_tmr.c...
compiling os_time.c...
compiling os_var.c...
linking...
Program Size: Code=180610 RO-data=321894 RW-data=3996 ZI-data=1220508  
FromELF: creating hex file...
"..\..\Output\atk_f407.axf" - 0 Error(s), 0 Warning(s).

<h2>Software Packages used:</h2>

Package Vendor: Keil
                http://www.keil.com/pack/Keil.STM32F4xx_DFP.2.14.0.pack
                Keil.STM32F4xx_DFP.2.14.0
                STMicroelectronics STM32F4 Series Device Support, Drivers and Examples

<h2>Collection of Component include folders:</h2>
  E:\Users\ATK\AppData\Local\Arm\Packs\Keil\STM32F4xx_DFP\2.14.0\Drivers\CMSIS\Device\ST\STM32F4xx\Include

<h2>Collection of Component Files used:</h2>
Build Time Elapsed:  00:00:14
</pre>
</body>
</html>
