<html>
<body>
<pre>
<h1>礦ision Build Log</h1>
<h2>Tool Versions:</h2>
IDE-Version: μVision V5.38.0.0
Copyright (C) 2022 ARM Ltd and ARM Germany GmbH. All rights reserved.
License Information: 111 11111, 111111, LIC=RC93N-Y1ALC-FWN2N-YDC43-A5NIF-53TIE
 
Tool Versions:
Toolchain:       MDK-ARM Plus  Version: 5.38.0.0
Toolchain Path:  C:\Keil_v5\ARM\ARMCC\Bin
C Compiler:      Armcc.exe V5.06 update 7 (build 960)
Assembler:       Armasm.exe V5.06 update 7 (build 960)
Linker/Locator:  ArmLink.exe V5.06 update 7 (build 960)
Library Manager: ArmAr.exe V5.06 update 7 (build 960)
Hex Converter:   FromElf.exe V5.06 update 7 (build 960)
CPU DLL:         SARMCM3.DLL V5.38.0.0
Dialog DLL:      DCM.DLL V1.17.5.0
Target DLL:      CMSIS_AGDI.dll V1.33.15.0
Dialog DLL:      TCM.DLL V1.56.4.0
 
<h2>Project:</h2>
F:\探索者V3\explorerv3-f407_reg_code\1，标准例程-寄存器版本\实验38 SD卡实验\Projects\MDK-ARM\atk_f407.uvprojx
Project File Date:  05/24/2024

<h2>Output:</h2>
*** Using Compiler 'V5.06 update 7 (build 960)', folder: 'C:\Keil_v5\ARM\ARMCC\Bin'
Rebuild target 'SD'
assembling startup_stm32f407xx.s...
compiling malloc.c...
compiling led.c...
compiling delay.c...
compiling sram.c...
compiling usart.c...
compiling usmart_port.c...
compiling key.c...
compiling usmart_config.c...
compiling sys.c...
compiling usmart_str.c...
compiling usmart.c...
compiling main.c...
compiling sdio_sdcard.c...
compiling lcd.c...
linking...
Program Size: Code=26146 RO-data=12974 RW-data=384 ZI-data=1223328  
FromELF: creating hex file...
"..\..\Output\atk_f407.axf" - 0 Error(s), 0 Warning(s).

<h2>Software Packages used:</h2>

Package Vendor: Keil
                http://www.keil.com/pack/Keil.STM32F4xx_DFP.2.9.0.pack
                Keil.STM32F4xx_DFP.2.9.0
                STMicroelectronics STM32F4 Series Device Support, Drivers and Examples

<h2>Collection of Component include folders:</h2>
  C:/Users/ALIENTEK/AppData/Local/Arm/Packs/Keil/STM32F4xx_DFP/2.9.0/Drivers/CMSIS/Device/ST/STM32F4xx/Include

<h2>Collection of Component Files used:</h2>
Build Time Elapsed:  00:00:02
</pre>
</body>
</html>
