Component: ARM Compiler 5.06 update 7 (build 960) Tool: armlink [4d3601]

==============================================================================

Section Cross References

    startup_stm32f407xx.o(STACK) refers (Special) to heapauxi.o(.text) for __use_two_region_memory
    startup_stm32f407xx.o(HEAP) refers (Special) to heapauxi.o(.text) for __use_two_region_memory
    startup_stm32f407xx.o(RESET) refers (Special) to heapauxi.o(.text) for __use_two_region_memory
    startup_stm32f407xx.o(RESET) refers to startup_stm32f407xx.o(STACK) for __initial_sp
    startup_stm32f407xx.o(RESET) refers to startup_stm32f407xx.o(.text) for Reset_Handler
    startup_stm32f407xx.o(RESET) refers to usmart_port.o(i.TIM4_IRQHandler) for TIM4_IRQHandler
    startup_stm32f407xx.o(RESET) refers to usart.o(i.USART1_IRQHandler) for USART1_IRQHandler
    startup_stm32f407xx.o(.text) refers (Special) to heapauxi.o(.text) for __use_two_region_memory
    startup_stm32f407xx.o(.text) refers to __main.o(!!!main) for __main
    startup_stm32f407xx.o(.text) refers to startup_stm32f407xx.o(HEAP) for Heap_Mem
    startup_stm32f407xx.o(.text) refers to startup_stm32f407xx.o(STACK) for Stack_Mem
    main.o(i.main) refers to sys.o(i.sys_stm32_clock_init) for sys_stm32_clock_init
    main.o(i.main) refers to delay.o(i.delay_init) for delay_init
    main.o(i.main) refers to usart.o(i.usart_init) for usart_init
    main.o(i.main) refers to led.o(i.led_init) for led_init
    main.o(i.main) refers to lcd.o(i.lcd_init) for lcd_init
    main.o(i.main) refers to key.o(i.key_init) for key_init
    main.o(i.main) refers to sram.o(i.sram_init) for sram_init
    main.o(i.main) refers to malloc.o(i.my_mem_init) for my_mem_init
    main.o(i.main) refers to lcd.o(i.lcd_show_string) for lcd_show_string
    main.o(i.main) refers to delay.o(i.delay_ms) for delay_ms
    main.o(i.main) refers to sdio_sdcard.o(i.sd_init) for sd_init
    main.o(i.main) refers to main.o(i.show_sdcard_info) for show_sdcard_info
    main.o(i.main) refers to lcd.o(i.lcd_show_num) for lcd_show_num
    main.o(i.main) refers to key.o(i.key_scan) for key_scan
    main.o(i.main) refers to main.o(i.sd_test_read) for sd_test_read
    main.o(i.main) refers to usmart_config.o(.data) for usmart_dev
    main.o(i.main) refers to sdio_sdcard.o(.bss) for g_sd_card_info
    main.o(i.sd_test_read) refers to _printf_percent.o(.ARM.Collect$$_printf_percent$$00000000) for _printf_percent
    main.o(i.sd_test_read) refers to _printf_d.o(.ARM.Collect$$_printf_percent$$00000009) for _printf_d
    main.o(i.sd_test_read) refers to _printf_dec.o(.text) for _printf_int_dec
    main.o(i.sd_test_read) refers to _printf_x.o(.ARM.Collect$$_printf_percent$$0000000C) for _printf_x
    main.o(i.sd_test_read) refers to _printf_hex_int.o(.text) for _printf_longlong_hex
    main.o(i.sd_test_read) refers to malloc.o(i.mymalloc) for mymalloc
    main.o(i.sd_test_read) refers to sdio_sdcard.o(i.sd_read_disk) for sd_read_disk
    main.o(i.sd_test_read) refers to noretval__2printf.o(.text) for __2printf
    main.o(i.sd_test_read) refers to lcd.o(i.lcd_show_string) for lcd_show_string
    main.o(i.sd_test_read) refers to malloc.o(i.myfree) for myfree
    main.o(i.sd_test_write) refers to _printf_percent.o(.ARM.Collect$$_printf_percent$$00000000) for _printf_percent
    main.o(i.sd_test_write) refers to _printf_d.o(.ARM.Collect$$_printf_percent$$00000009) for _printf_d
    main.o(i.sd_test_write) refers to _printf_dec.o(.text) for _printf_int_dec
    main.o(i.sd_test_write) refers to malloc.o(i.mymalloc) for mymalloc
    main.o(i.sd_test_write) refers to sdio_sdcard.o(i.sd_write_disk) for sd_write_disk
    main.o(i.sd_test_write) refers to noretval__2printf.o(.text) for __2printf
    main.o(i.sd_test_write) refers to malloc.o(i.myfree) for myfree
    main.o(i.show_sdcard_info) refers to _printf_percent.o(.ARM.Collect$$_printf_percent$$00000000) for _printf_percent
    main.o(i.show_sdcard_info) refers to _printf_d.o(.ARM.Collect$$_printf_percent$$00000009) for _printf_d
    main.o(i.show_sdcard_info) refers to _printf_dec.o(.text) for _printf_int_dec
    main.o(i.show_sdcard_info) refers to noretval__2printf.o(.text) for __2printf
    main.o(i.show_sdcard_info) refers to sdio_sdcard.o(.bss) for g_sd_card_info
    delay.o(i.delay_init) refers to delay.o(.data) for .data
    delay.o(i.delay_ms) refers to delay.o(i.delay_us) for delay_us
    delay.o(i.delay_us) refers to delay.o(.data) for .data
    sys.o(i.sys_stm32_clock_init) refers to sys.o(i.sys_clock_set) for sys_clock_set
    sys.o(i.sys_stm32_clock_init) refers to sys.o(i.sys_nvic_set_vector_table) for sys_nvic_set_vector_table
    usart.o(.rev16_text) refers (Special) to use_no_semi_2.o(.text) for __use_no_semihosting
    usart.o(.revsh_text) refers (Special) to use_no_semi_2.o(.text) for __use_no_semihosting
    usart.o(.rrx_text) refers (Special) to use_no_semi_2.o(.text) for __use_no_semihosting
[...]
    ../fplib/dretinf.s                       0x00000000   Number         0  dretinf.o ABSOLUTE
    ../fplib/fpinit.s                        0x00000000   Number         0  fpinit.o ABSOLUTE
    ../fplib/usenofp.s                       0x00000000   Number         0  usenofp.o ABSOLUTE
    ..\..\Drivers\BSP\KEY\key.c              0x00000000   Number         0  key.o ABSOLUTE
    ..\..\Drivers\BSP\LCD\lcd.c              0x00000000   Number         0  lcd.o ABSOLUTE
    ..\..\Drivers\BSP\LED\led.c              0x00000000   Number         0  led.o ABSOLUTE
    ..\..\Drivers\BSP\SDIO\sdio_sdcard.c     0x00000000   Number         0  sdio_sdcard.o ABSOLUTE
    ..\..\Drivers\BSP\SRAM\sram.c            0x00000000   Number         0  sram.o ABSOLUTE
    ..\..\Drivers\CMSIS\Device\ST\STM32F4xx\Source\Templates\arm\startup_stm32f407xx.s 0x00000000   Number         0  startup_stm32f407xx.o ABSOLUTE
    ..\..\Drivers\SYSTEM\delay\delay.c       0x00000000   Number         0  delay.o ABSOLUTE
    ..\..\Drivers\SYSTEM\sys\sys.c           0x00000000   Number         0  sys.o ABSOLUTE
    ..\..\Drivers\SYSTEM\usart\usart.c       0x00000000   Number         0  usart.o ABSOLUTE
    ..\..\Middlewares\MALLOC\malloc.c        0x00000000   Number         0  malloc.o ABSOLUTE
    ..\..\Middlewares\USMART\usmart.c        0x00000000   Number         0  usmart.o ABSOLUTE
    ..\..\Middlewares\USMART\usmart_config.c 0x00000000   Number         0  usmart_config.o ABSOLUTE
    ..\..\Middlewares\USMART\usmart_port.c   0x00000000   Number         0  usmart_port.o ABSOLUTE
    ..\..\Middlewares\USMART\usmart_str.c    0x00000000   Number         0  usmart_str.o ABSOLUTE
    ..\..\User\main.c                        0x00000000   Number         0  main.o ABSOLUTE
    ..\\..\\Drivers\\BSP\\KEY\\key.c         0x00000000   Number         0  key.o ABSOLUTE
    ..\\..\\Drivers\\BSP\\LCD\\lcd.c         0x00000000   Number         0  lcd.o ABSOLUTE
    ..\\..\\Drivers\\BSP\\LED\\led.c         0x00000000   Number         0  led.o ABSOLUTE
    ..\\..\\Drivers\\BSP\\SDIO\\sdio_sdcard.c 0x00000000   Number         0  sdio_sdcard.o ABSOLUTE
    ..\\..\\Drivers\\BSP\\SRAM\\sram.c       0x00000000   Number         0  sram.o ABSOLUTE
    ..\\..\\Drivers\\SYSTEM\\delay\\delay.c  0x00000000   Number         0  delay.o ABSOLUTE
    ..\\..\\Drivers\\SYSTEM\\sys\\sys.c      0x00000000   Number         0  sys.o ABSOLUTE
    ..\\..\\Drivers\\SYSTEM\\usart\\usart.c  0x00000000   Number         0  usart.o ABSOLUTE
    ..\\..\\Middlewares\\MALLOC\\malloc.c    0x00000000   Number         0  malloc.o ABSOLUTE
    ..\\..\\Middlewares\\USMART\\usmart.c    0x00000000   Number         0  usmart.o ABSOLUTE
    ..\\..\\Middlewares\\USMART\\usmart_config.c 0x00000000   Number         0  usmart_config.o ABSOLUTE
    ..\\..\\Middlewares\\USMART\\usmart_port.c 0x00000000   Number         0  usmart_port.o ABSOLUTE
    ..\\..\\Middlewares\\USMART\\usmart_str.c 0x00000000   Number         0  usmart_str.o ABSOLUTE
    ..\\..\\User\\main.c                     0x00000000   Number         0  main.o ABSOLUTE
    dc.s                                     0x00000000   Number         0  dc.o ABSOLUTE
    RESET                                    0x08000000   Section      392  startup_stm32f407xx.o(RESET)
    !!!main                                  0x08000188   Section        8  __main.o(!!!main)
    !!!scatter                               0x08000190   Section       52  __scatter.o(!!!scatter)
    !!dczerorl2                              0x080001c4   Section       90  __dczerorl2.o(!!dczerorl2)
    !!handler_zi                             0x08000220   Section       28  __scatter_zi.o(!!handler_zi)
    .ARM.Collect$$_printf_percent$$00000000  0x0800023c   Section        0  _printf_percent.o(.ARM.Collect$$_printf_percent$$00000000)
    .ARM.Collect$$_printf_percent$$00000009  0x0800023c   Section        6  _printf_d.o(.ARM.Collect$$_printf_percent$$00000009)
    .ARM.Collect$$_printf_percent$$0000000A  0x08000242   Section        6  _printf_u.o(.ARM.Collect$$_printf_percent$$0000000A)
    .ARM.Collect$$_printf_percent$$0000000C  0x08000248   Section        6  _printf_x.o(.ARM.Collect$$_printf_percent$$0000000C)
    .ARM.Collect$$_printf_percent$$00000013  0x0800024e   Section        6  _printf_c.o(.ARM.Collect$$_printf_percent$$00000013)
    .ARM.Collect$$_printf_percent$$00000014  0x08000254   Section        6  _printf_s.o(.ARM.Collect$$_printf_percent$$00000014)
    .ARM.Collect$$_printf_percent$$00000017  0x0800025a   Section        4  _printf_percent_end.o(.ARM.Collect$$_printf_percent$$00000017)
    .ARM.Collect$$libinit$$00000000          0x0800025e   Section        2  libinit.o(.ARM.Collect$$libinit$$00000000)
    .ARM.Collect$$libinit$$00000001          0x08000260   Section        4  libinit2.o(.ARM.Collect$$libinit$$00000001)
    .ARM.Collect$$libinit$$00000004          0x08000264   Section        0  libinit2.o(.ARM.Collect$$libinit$$00000004)
    .ARM.Collect$$libinit$$0000000A          0x08000264   Section        0  libinit2.o(.ARM.Collect$$libinit$$0000000A)
    .ARM.Collect$$libinit$$0000000C          0x08000264   Section        0  libinit2.o(.ARM.Collect$$libinit$$0000000C)
    .ARM.Collect$$libinit$$0000000E          0x08000264   Section        0  libinit2.o(.ARM.Collect$$libinit$$0000000E)
    .ARM.Collect$$libinit$$00000011          0x08000264   Section        0  libinit2.o(.ARM.Collect$$libinit$$00000011)
    .ARM.Collect$$libinit$$00000013          0x08000264   Section        0  libinit2.o(.ARM.Collect$$libinit$$00000013)
    .ARM.Collect$$libinit$$00000015          0x08000264   Section        0  libinit2.o(.ARM.Collect$$libinit$$00000015)
    .ARM.Collect$$libinit$$00000017          0x08000264   Section        0  libinit2.o(.ARM.Collect$$libinit$$00000017)
    .ARM.Collect$$libinit$$00000019          0x08000264   Section        0  libinit2.o(.ARM.Collect$$libinit$$00000019)
    .ARM.Collect$$libinit$$0000001B          0x08000264   Section        0  libinit2.o(.ARM.Collect$$libinit$$0000001B)
    .ARM.Collect$$libinit$$0000001D          0x08000264   Section        0  libinit2.o(.ARM.Collect$$libinit$$0000001D)
    .ARM.Collect$$libinit$$0000001F          0x08000264   Section        0  libinit2.o(.ARM.Collect$$libinit$$0000001F)
    .ARM.Collect$$libinit$$00000021          0x08000264   Section        0  libinit2.o(.ARM.Collect$$libinit$$00000021)
    .ARM.Collect$$libinit$$00000023          0x08000264   Section        0  libinit2.o(.ARM.Collect$$libinit$$00000023)
    .ARM.Collect$$libinit$$00000025          0x08000264   Section        0  libinit2.o(.ARM.Collect$$libinit$$00000025)
    .ARM.Collect$$libinit$$0000002C          0x08000264   Section        0  libinit2.o(.ARM.Collect$$libinit$$0000002C)
    .ARM.Collect$$libinit$$0000002E          0x08000264   Section        0  libinit2.o(.ARM.Collect$$libinit$$0000002E)
    .ARM.Collect$$libinit$$00000030          0x08000264   Section        0  libinit2.o(.ARM.Collect$$libinit$$00000030)
    .ARM.Collect$$libinit$$00000032          0x08000264   Section        0  libinit2.o(.ARM.Collect$$libinit$$00000032)
    .ARM.Collect$$libinit$$00000033          0x08000264   Section        2  libinit2.o(.ARM.Collect$$libinit$$00000033)
    .ARM.Collect$$libshutdown$$00000000      0x08000266   Section        2  libshutdown.o(.ARM.Collect$$libshutdown$$00000000)
    .ARM.Collect$$libshutdown$$00000002      0x08000268   Section        0  libshutdown2.o(.ARM.Collect$$libshutdown$$00000002)
    .ARM.Collect$$libshutdown$$00000004      0x08000268   Section        0  libshutdown2.o(.ARM.Collect$$libshutdown$$00000004)
    .ARM.Collect$$libshutdown$$00000006      0x08000268   Section        0  libshutdown2.o(.ARM.Collect$$libshutdown$$00000006)
    .ARM.Collect$$libshutdown$$00000009      0x08000268   Section        0  libshutdown2.o(.ARM.Collect$$libshutdown$$00000009)
    .ARM.Collect$$libshutdown$$0000000C      0x08000268   Section        0  libshutdown2.o(.ARM.Collect$$libshutdown$$0000000C)
    .ARM.Collect$$libshutdown$$0000000E      0x08000268   Section        0  libshutdown2.o(.ARM.Collect$$libshutdown$$0000000E)
    .ARM.Collect$$libshutdown$$00000011      0x08000268   Section        0  libshutdown2.o(.ARM.Collect$$libshutdown$$00000011)
    .ARM.Collect$$libshutdown$$00000012      0x08000268   Section        2  libshutdown2.o(.ARM.Collect$$libshutdown$$00000012)
    .ARM.Collect$$rtentry$$00000000          0x0800026a   Section        0  __rtentry.o(.ARM.Collect$$rtentry$$00000000)
    .ARM.Collect$$rtentry$$00000002          0x0800026a   Section        0  __rtentry2.o(.ARM.Collect$$rtentry$$00000002)
    .ARM.Collect$$rtentry$$00000004          0x0800026a   Section        6  __rtentry4.o(.ARM.Collect$$rtentry$$00000004)
    .ARM.Collect$$rtentry$$00000009          0x08000270   Section        0  __rtentry2.o(.ARM.Collect$$rtentry$$00000009)
    .ARM.Collect$$rtentry$$0000000A          0x08000270   Section        4  __rtentry2.o(.ARM.Collect$$rtentry$$0000000A)
    .ARM.Collect$$rtentry$$0000000C          0x08000274   Section        0  __rtentry2.o(.ARM.Collect$$rtentry$$0000000C)
    .ARM.Collect$$rtentry$$0000000D          0x08000274   Section        8  __rtentry2.o(.ARM.Collect$$rtentry$$0000000D)
    .ARM.Collect$$rtexit$$00000000           0x0800027c   Section        2  rtexit.o(.ARM.Collect$$rtexit$$00000000)
    .ARM.Collect$$rtexit$$00000002           0x0800027e   Section        0  rtexit2.o(.ARM.Collect$$rtexit$$00000002)
    .ARM.Collect$$rtexit$$00000003           0x0800027e   Section        4  rtexit2.o(.ARM.Collect$$rtexit$$00000003)
    .ARM.Collect$$rtexit$$00000004           0x08000282   Section        6  rtexit2.o(.ARM.Collect$$rtexit$$00000004)
    .text                                    0x08000288   Section       68  startup_stm32f407xx.o(.text)
    $v0                                      0x08000288   Number         0  startup_stm32f407xx.o(.text)
    .text                                    0x080002cc   Section        2  use_no_semi_2.o(.text)
    .text                                    0x080002d0   Section        0  noretval__2printf.o(.text)
    .text                                    0x080002e8   Section        0  _printf_pad.o(.text)
    .text                                    0x08000336   Section        0  _printf_str.o(.text)
    .text                                    0x08000388   Section        0  _printf_dec.o(.text)
    .text                                    0x08000400   Section        0  _printf_hex_int.o(.text)
    .text                                    0x08000458   Section        0  __printf_flags_ss_wp.o(.text)
    .text                                    0x080005e0   Section        0  heapauxi.o(.text)
    .text                                    0x080005e6   Section        2  use_no_semi.o(.text)
    .text                                    0x080005e8   Section        0  _printf_intcommon.o(.text)
    .text                                    0x0800069a   Section        0  _printf_char.o(.text)
    .text                                    0x080006c8   Section        0  _printf_char_file.o(.text)
    .text                                    0x080006ec   Section        0  _printf_char_common.o(.text)
    _printf_input_char                       0x080006ed   Thumb Code    10  _printf_char_common.o(.text)
    .text                                    0x0800071c   Section        0  ferror.o(.text)
    .text                                    0x08000724   Section       74  sys_stackheap_outer.o(.text)
    .text                                    0x0800076e   Section        0  exit.o(.text)
    .text                                    0x08000780   Section        8  libspace.o(.text)
    i.TIM4_IRQHandler                        0x08000788   Section        0  usmart_port.o(i.TIM4_IRQHandler)
    i.USART1_IRQHandler                      0x080007bc   Section        0  usart.o(i.USART1_IRQHandler)
    i._is_digit                              0x08000814   Section        0  __printf_wp.o(i._is_digit)
    i._sys_exit                              0x08000822   Section        0  usart.o(i._sys_exit)
    i.delay_init                             0x08000824   Section        0  delay.o(i.delay_init)
    i.delay_ms                               0x08000848   Section        0  delay.o(i.delay_ms)
    i.delay_us                               0x08000854   Section        0  delay.o(i.delay_us)
    i.fputc                                  0x08000888   Section        0  usart.o(i.fputc)
    i.key_init                               0x0800089c   Section        0  key.o(i.key_init)
    i.key_scan                               0x08000914   Section        0  key.o(i.key_scan)
    i.lcd_clear                              0x080009dc   Section        0  lcd.o(i.lcd_clear)
    i.lcd_display_dir                        0x08000a0c   Section        0  lcd.o(i.lcd_display_dir)
    i.lcd_draw_point                         0x08000af4   Section        0  lcd.o(i.lcd_draw_point)
    i.lcd_ex_ili9341_reginit                 0x08000b0a   Section        0  lcd.o(i.lcd_ex_ili9341_reginit)
    i.lcd_ex_ili9806_reginit                 0x08000d38   Section        0  lcd.o(i.lcd_ex_ili9806_reginit)
    i.lcd_ex_nt35310_reginit                 0x0800107a   Section        0  lcd.o(i.lcd_ex_nt35310_reginit)
    i.lcd_ex_nt35510_reginit                 0x08001f6e   Section        0  lcd.o(i.lcd_ex_nt35510_reginit)
    i.lcd_ex_ssd1963_reginit                 0x08002e68   Section        0  lcd.o(i.lcd_ex_ssd1963_reginit)
    i.lcd_ex_st7789_reginit                  0x08002fd8   Section        0  lcd.o(i.lcd_ex_st7789_reginit)
    i.lcd_ex_st7796_reginit                  0x08003182   Section        0  lcd.o(i.lcd_ex_st7796_reginit)
    i.lcd_init                               0x0800334c   Section        0  lcd.o(i.lcd_init)
    i.lcd_pow                                0x080037bc   Section        0  lcd.o(i.lcd_pow)
    lcd_pow                                  0x080037bd   Thumb Code    16  lcd.o(i.lcd_pow)
    i.lcd_rd_data                            0x080037cc   Section        0  lcd.o(i.lcd_rd_data)
    lcd_rd_data                              0x080037cd   Thumb Code    26  lcd.o(i.lcd_rd_data)
    i.lcd_scan_dir                           0x080037e8   Section        0  lcd.o(i.lcd_scan_dir)
    i.lcd_set_cursor                         0x0800398c   Section        0  lcd.o(i.lcd_set_cursor)
    i.lcd_show_char                          0x08003a7c   Section        0  lcd.o(i.lcd_show_char)
    i.lcd_show_num                           0x08003b58   Section        0  lcd.o(i.lcd_show_num)
    i.lcd_show_string                        0x08003bcc   Section        0  lcd.o(i.lcd_show_string)
    i.lcd_ssd_backlight_set                  0x08003c24   Section        0  lcd.o(i.lcd_ssd_backlight_set)
    i.lcd_wr_data                            0x08003c74   Section        0  lcd.o(i.lcd_wr_data)
    i.lcd_wr_regno                           0x08003c8c   Section        0  lcd.o(i.lcd_wr_regno)
    i.lcd_write_ram_prepare                  0x08003ca4   Section        0  lcd.o(i.lcd_write_ram_prepare)
    i.lcd_write_reg                          0x08003cb8   Section        0  lcd.o(i.lcd_write_reg)
    i.led_init                               0x08003cc4   Section        0  led.o(i.led_init)
    i.main                                   0x08003d24   Section        0  main.o(i.main)
    i.my_mem_init                            0x08003f18   Section        0  malloc.o(i.my_mem_init)
    i.my_mem_malloc                          0x08003f44   Section        0  malloc.o(i.my_mem_malloc)
    my_mem_malloc                            0x08003f45   Thumb Code   132  malloc.o(i.my_mem_malloc)
    i.my_mem_perused                         0x08003fd0   Section        0  malloc.o(i.my_mem_perused)
    i.my_mem_set                             0x0800400c   Section        0  malloc.o(i.my_mem_set)
    i.myfree                                 0x08004018   Section        0  malloc.o(i.myfree)
    i.mymalloc                               0x08004074   Section        0  malloc.o(i.mymalloc)
    i.read_addr                              0x08004094   Section        0  usmart.o(i.read_addr)
    i.sd_init                                0x08004098   Section        0  sdio_sdcard.o(i.sd_init)
    i.sd_read_disk                           0x08004260   Section        0  sdio_sdcard.o(i.sd_read_disk)
    i.sd_test_read                           0x08004284   Section        0  main.o(i.sd_test_read)
    i.sd_test_write                          0x08004398   Section        0  main.o(i.sd_test_write)
    i.sd_write_disk                          0x08004400   Section        0  sdio_sdcard.o(i.sd_write_disk)
    i.sdmmc_clock_set                        0x08004424   Section        0  sdio_sdcard.o(i.sdmmc_clock_set)
    sdmmc_clock_set                          0x08004425   Thumb Code    14  sdio_sdcard.o(i.sdmmc_clock_set)
    i.sdmmc_cmd_resp1_error                  0x08004438   Section        0  sdio_sdcard.o(i.sdmmc_cmd_resp1_error)
    sdmmc_cmd_resp1_error                    0x08004439   Thumb Code    82  sdio_sdcard.o(i.sdmmc_cmd_resp1_error)
    i.sdmmc_cmd_resp2_error                  0x08004494   Section        0  sdio_sdcard.o(i.sdmmc_cmd_resp2_error)
    sdmmc_cmd_resp2_error                    0x08004495   Thumb Code    64  sdio_sdcard.o(i.sdmmc_cmd_resp2_error)
    i.sdmmc_cmd_resp3_error                  0x080044dc   Section        0  sdio_sdcard.o(i.sdmmc_cmd_resp3_error)
    sdmmc_cmd_resp3_error                    0x080044dd   Thumb Code    52  sdio_sdcard.o(i.sdmmc_cmd_resp3_error)
    i.sdmmc_cmd_resp6_error                  0x08004518   Section        0  sdio_sdcard.o(i.sdmmc_cmd_resp6_error)
    sdmmc_cmd_resp6_error                    0x08004519   Thumb Code   114  sdio_sdcard.o(i.sdmmc_cmd_resp6_error)
    i.sdmmc_find_scr                         0x08004598   Section        0  sdio_sdcard.o(i.sdmmc_find_scr)
    sdmmc_find_scr                           0x08004599   Thumb Code   182  sdio_sdcard.o(i.sdmmc_find_scr)
    i.sdmmc_get_card_info                    0x0800465c   Section        0  sdio_sdcard.o(i.sdmmc_get_card_info)
    sdmmc_get_card_info                      0x0800465d   Thumb Code   526  sdio_sdcard.o(i.sdmmc_get_card_info)
    i.sdmmc_initialize_cards                 0x08004874   Section        0  sdio_sdcard.o(i.sdmmc_initialize_cards)
    sdmmc_initialize_cards                   0x08004875   Thumb Code   206  sdio_sdcard.o(i.sdmmc_initialize_cards)
    i.sdmmc_is_card_programming              0x08004950   Section        0  sdio_sdcard.o(i.sdmmc_is_card_programming)
    sdmmc_is_card_programming                0x08004951   Thumb Code   114  sdio_sdcard.o(i.sdmmc_is_card_programming)
    i.sdmmc_power_on                         0x080049d4   Section        0  sdio_sdcard.o(i.sdmmc_power_on)
    sdmmc_power_on                           0x080049d5   Thumb Code   372  sdio_sdcard.o(i.sdmmc_power_on)
    i.sdmmc_read_blocks                      0x08004b5c   Section        0  sdio_sdcard.o(i.sdmmc_read_blocks)
    sdmmc_read_blocks                        0x08004b5d   Thumb Code   376  sdio_sdcard.o(i.sdmmc_read_blocks)
    i.sdmmc_send_cmd                         0x08004d00   Section        0  sdio_sdcard.o(i.sdmmc_send_cmd)
    sdmmc_send_cmd                           0x08004d01   Thumb Code    22  sdio_sdcard.o(i.sdmmc_send_cmd)
    i.sdmmc_send_data_cfg                    0x08004d1c   Section        0  sdio_sdcard.o(i.sdmmc_send_data_cfg)
    sdmmc_send_data_cfg                      0x08004d1d   Thumb Code    42  sdio_sdcard.o(i.sdmmc_send_data_cfg)
    i.sdmmc_wide_bus_enable                  0x08004d4c   Section        0  sdio_sdcard.o(i.sdmmc_wide_bus_enable)
    sdmmc_wide_bus_enable                    0x08004d4d   Thumb Code    98  sdio_sdcard.o(i.sdmmc_wide_bus_enable)
    i.sdmmc_write_blocks                     0x08004db8   Section        0  sdio_sdcard.o(i.sdmmc_write_blocks)
    sdmmc_write_blocks                       0x08004db9   Thumb Code   548  sdio_sdcard.o(i.sdmmc_write_blocks)
    i.show_sdcard_info                       0x08004fe8   Section        0  main.o(i.show_sdcard_info)
    i.sram_init                              0x08005100   Section        0  sram.o(i.sram_init)
    i.sys_clock_set                          0x0800527c   Section        0  sys.o(i.sys_clock_set)
    i.sys_gpio_af_set                        0x08005394   Section        0  sys.o(i.sys_gpio_af_set)
    i.sys_gpio_pin_get                       0x080053d2   Section        0  sys.o(i.sys_gpio_pin_get)
    i.sys_gpio_pin_set                       0x080053dc   Section        0  sys.o(i.sys_gpio_pin_set)
    i.sys_gpio_set                           0x080053f0   Section        0  sys.o(i.sys_gpio_set)
    i.sys_intx_disable                       0x08005470   Section        0  sys.o(i.sys_intx_disable)
    i.sys_intx_enable                        0x08005474   Section        0  sys.o(i.sys_intx_enable)
    i.sys_nvic_init                          0x08005478   Section        0  sys.o(i.sys_nvic_init)
    i.sys_nvic_set_vector_table              0x080054d4   Section        0  sys.o(i.sys_nvic_set_vector_table)
    i.sys_stm32_clock_init                   0x080054e4   Section        0  sys.o(i.sys_stm32_clock_init)
    i.usart_init                             0x08005514   Section        0  usart.o(i.usart_init)
    i.usmart_cmd_rec                         0x080055d4   Section        0  usmart.o(i.usmart_cmd_rec)
    i.usmart_exe                             0x08005668   Section        0  usmart.o(i.usmart_exe)
    i.usmart_get_aparm                       0x080058c8   Section        0  usmart_str.o(i.usmart_get_aparm)
    i.usmart_get_cmdname                     0x0800596c   Section        0  usmart_str.o(i.usmart_get_cmdname)
    i.usmart_get_fname                       0x0800599c   Section        0  usmart_str.o(i.usmart_get_fname)
    i.usmart_get_fparam                      0x08005b04   Section        0  usmart_str.o(i.usmart_get_fparam)
    i.usmart_get_input_string                0x08005bd4   Section        0  usmart_port.o(i.usmart_get_input_string)
    i.usmart_get_parmpos                     0x08005bf4   Section        0  usmart_str.o(i.usmart_get_parmpos)
    i.usmart_init                            0x08005c18   Section        0  usmart.o(i.usmart_init)
    i.usmart_pow                             0x08005c2c   Section        0  usmart_str.o(i.usmart_pow)
    i.usmart_scan                            0x08005c3c   Section        0  usmart.o(i.usmart_scan)
    i.usmart_search_nextc                    0x08005ccc   Section        0  usmart_str.o(i.usmart_search_nextc)
    i.usmart_str2num                         0x08005cdc   Section        0  usmart_str.o(i.usmart_str2num)
    i.usmart_strcmp                          0x08005db2   Section        0  usmart_str.o(i.usmart_strcmp)
    i.usmart_strcopy                         0x08005dca   Section        0  usmart_str.o(i.usmart_strcopy)
    i.usmart_strlen                          0x08005ddc   Section        0  usmart_str.o(i.usmart_strlen)
    i.usmart_sys_cmd_exe                     0x08005df0   Section        0  usmart.o(i.usmart_sys_cmd_exe)
    i.usmart_timx_get_time                   0x08006470   Section        0  usmart_port.o(i.usmart_timx_get_time)
    i.usmart_timx_init                       0x080064a0   Section        0  usmart_port.o(i.usmart_timx_init)
    i.usmart_timx_reset_time                 0x080064f4   Section        0  usmart_port.o(i.usmart_timx_reset_time)
    i.write_addr                             0x08006520   Section        0  usmart.o(i.write_addr)
    x$fpl$dfixu                              0x08006524   Section       90  dfixu.o(x$fpl$dfixu)
    $v0                                      0x08006524   Number         0  dfixu.o(x$fpl$dfixu)
    x$fpl$dfltu                              0x0800657e   Section       38  dflt_clz.o(x$fpl$dfltu)
    $v0                                      0x0800657e   Number         0  dflt_clz.o(x$fpl$dfltu)
    x$fpl$dmul                               0x080065a4   Section      340  dmul.o(x$fpl$dmul)
    $v0                                      0x080065a4   Number         0  dmul.o(x$fpl$dmul)
    x$fpl$dnaninf                            0x080066f8   Section      156  dnaninf.o(x$fpl$dnaninf)
    $v0                                      0x080066f8   Number         0  dnaninf.o(x$fpl$dnaninf)
    x$fpl$dretinf                            0x08006794   Section       12  dretinf.o(x$fpl$dretinf)
    $v0                                      0x08006794   Number         0  dretinf.o(x$fpl$dretinf)
    x$fpl$fpinit                             0x080067a0   Section       10  fpinit.o(x$fpl$fpinit)
    $v0                                      0x080067a0   Number         0  fpinit.o(x$fpl$fpinit)
    .constdata                               0x080067aa   Section    12160  lcd.o(.constdata)
    x$fpl$usenofp                            0x080067aa   Section        0  usenofp.o(x$fpl$usenofp)
    .constdata                               0x0800972c   Section       36  malloc.o(.constdata)
    .constdata                               0x08009750   Section       40  _printf_hex_int.o(.constdata)
    uc_hextab                                0x08009750   Data          20  _printf_hex_int.o(.constdata)
    lc_hextab                                0x08009764   Data          20  _printf_hex_int.o(.constdata)
    .constdata                               0x08009778   Section       17  __printf_flags_ss_wp.o(.constdata)
    maptable                                 0x08009778   Data          17  __printf_flags_ss_wp.o(.constdata)
    .conststring                             0x0800978c   Section       40  usmart.o(.conststring)
    .conststring                             0x080097b4   Section      250  usmart_config.o(.conststring)
    .ARM.__AT_0x10000000                     0x10000000   Section    61440  malloc.o(.ARM.__AT_0x10000000)
    mem2base                                 0x10000000   Data       61440  malloc.o(.ARM.__AT_0x10000000)
    .ARM.__AT_0x1000F000                     0x1000f000   Section     3840  malloc.o(.ARM.__AT_0x1000F000)
    mem2mapbase                              0x1000f000   Data        3840  malloc.o(.ARM.__AT_0x1000F000)
    .data                                    0x20000000   Section        4  delay.o(.data)
    g_fac_us                                 0x20000000   Data           4  delay.o(.data)
    .data                                    0x20000004   Section        2  usart.o(.data)
    .data                                    0x20000008   Section        4  usart.o(.data)
    .data                                    0x2000000c   Section        4  lcd.o(.data)
    .data                                    0x20000010   Section        1  key.o(.data)
    key_up                                   0x20000010   Data           1  key.o(.data)
    .data                                    0x20000014   Section        8  sdio_sdcard.o(.data)
    CardType                                 0x20000014   Data           1  sdio_sdcard.o(.data)
    RCA                                      0x20000018   Data           4  sdio_sdcard.o(.data)
    .data                                    0x2000001c   Section       28  usmart.o(.data)
    .data                                    0x20000038   Section       48  usmart_config.o(.data)
    .data                                    0x20000068   Section      244  usmart_config.o(.data)
    .data                                    0x2000015c   Section       36  malloc.o(.data)
    .bss                                     0x20000180   Section      200  usart.o(.bss)
    .bss                                     0x20000248   Section       14  lcd.o(.bss)
    .bss                                     0x20000258   Section      120  sdio_sdcard.o(.bss)
    CSD_Tab                                  0x20000258   Data          16  sdio_sdcard.o(.bss)
    CID_Tab                                  0x20000268   Data          16  sdio_sdcard.o(.bss)
    .bss                                     0x20000300   Section    102400  malloc.o(.bss)
    mem1base                                 0x20000300   Data       102400  malloc.o(.bss)
    .bss                                     0x20019300   Section     6400  malloc.o(.bss)
    mem1mapbase                              0x20019300   Data        6400  malloc.o(.bss)
    .bss                                     0x2001ac00   Section       96  libspace.o(.bss)
    HEAP                                     0x2001ac60   Section        0  startup_stm32f407xx.o(HEAP)
    STACK                                    0x2001ac60   Section     1024  startup_stm32f407xx.o(STACK)
    Heap_Mem                                 0x2001ac60   Data           0  startup_stm32f407xx.o(HEAP)
    Stack_Mem                                0x2001ac60   Data        1024  startup_stm32f407xx.o(STACK)
    __initial_sp                             0x2001b060   Data           0  startup_stm32f407xx.o(STACK)
    .ARM.__AT_0x68000000                     0x68000000   Section    986112  malloc.o(.ARM.__AT_0x68000000)
    mem3base                                 0x68000000   Data       986112  malloc.o(.ARM.__AT_0x68000000)
    .ARM.__AT_0x680F0C00                     0x680f0c00   Section    61632  malloc.o(.ARM.__AT_0x680F0C00)
    mem3mapbase                              0x680f0c00   Data       61632  malloc.o(.ARM.__AT_0x680F0C00)

    Global Symbols

    Symbol Name                              Value     Ov Type        Size  Object(Section)

    BuildAttributes$$THM_ISAv4$E$P$D$K$B$S$7EM$VFPi3$EXTD16$VFPS$VFMA$PE$A:L22UL41UL21$X:L11$S22US41US21$IEEE1$IW$USESV6$~STKCKD$USESV7$~SHL$OSPACE$ROPI$EBA8$UX$STANDARDLIB$REQ8$PRES8$EABIv2 0x00000000   Number         0  anon$$obj.o ABSOLUTE
    __ARM_use_no_argv                        0x00000000   Number         0  main.o ABSOLUTE
    _printf_flags                            0x00000000   Number         0  printf_stubs.o ABSOLUTE
    _printf_return_value                     0x00000000   Number         0  printf_stubs.o ABSOLUTE
    _printf_sizespec                         0x00000000   Number         0  printf_stubs.o ABSOLUTE
    _printf_widthprec                        0x00000000   Number         0  printf_stubs.o ABSOLUTE
    __ARM_exceptions_init                     - Undefined Weak Reference
    __alloca_initialize                       - Undefined Weak Reference
    __arm_fini_                               - Undefined Weak Reference
    __arm_preinit_                            - Undefined Weak Reference
    __cpp_initialize__aeabi_                  - Undefined Weak Reference
    __cxa_finalize                            - Undefined Weak Reference
    __rt_locale                               - Undefined Weak Reference
    __sigvec_lookup                           - Undefined Weak Reference
    _atexit_init                              - Undefined Weak Reference
    _call_atexit_fns                          - Undefined Weak Reference
    _clock_init                               - Undefined Weak Reference
    _fp_trap_init                             - Undefined Weak Reference
    _fp_trap_shutdown                         - Undefined Weak Reference
    _get_lc_collate                           - Undefined Weak Reference
    _get_lc_ctype                             - Undefined Weak Reference
    _get_lc_monetary                          - Undefined Weak Reference
    _get_lc_numeric                           - Undefined Weak Reference
    _get_lc_time                              - Undefined Weak Reference
    _getenv_init                              - Undefined Weak Reference
    _handle_redirection                       - Undefined Weak Reference
    _init_alloc                               - Undefined Weak Reference
    _init_user_alloc                          - Undefined Weak Reference
    _initio                                   - Undefined Weak Reference
    _mutex_acquire                            - Undefined Weak Reference
    _mutex_release                            - Undefined Weak Reference
    _printf_mbtowc                            - Undefined Weak Reference
    _printf_truncate_signed                   - Undefined Weak Reference
    _printf_truncate_unsigned                 - Undefined Weak Reference
    _rand_init                                - Undefined Weak Reference
    _signal_finish                            - Undefined Weak Reference
    _signal_init                              - Undefined Weak Reference
    _terminate_alloc                          - Undefined Weak Reference
    _terminate_user_alloc                     - Undefined Weak Reference
    _terminateio                              - Undefined Weak Reference
    __Vectors_Size                           0x00000188   Number         0  startup_stm32f407xx.o ABSOLUTE
    __Vectors                                0x08000000   Data           4  startup_stm32f407xx.o(RESET)
    __Vectors_End                            0x08000188   Data           0  startup_stm32f407xx.o(RESET)
    __main                                   0x08000189   Thumb Code     8  __main.o(!!!main)
    __scatterload                            0x08000191   Thumb Code     0  __scatter.o(!!!scatter)
    __scatterload_rt2                        0x08000191   Thumb Code    44  __scatter.o(!!!scatter)
    __scatterload_rt2_thumb_only             0x08000191   Thumb Code     0  __scatter.o(!!!scatter)
    __scatterload_null                       0x0800019f   Thumb Code     0  __scatter.o(!!!scatter)
    __decompress                             0x080001c5   Thumb Code    90  __dczerorl2.o(!!dczerorl2)
    __decompress1                            0x080001c5   Thumb Code     0  __dczerorl2.o(!!dczerorl2)
    __scatterload_zeroinit                   0x08000221   Thumb Code    28  __scatter_zi.o(!!handler_zi)
    _printf_d                                0x0800023d   Thumb Code     0  _printf_d.o(.ARM.Collect$$_printf_percent$$00000009)
    _printf_percent                          0x0800023d   Thumb Code     0  _printf_percent.o(.ARM.Collect$$_printf_percent$$00000000)
    _printf_u                                0x08000243   Thumb Code     0  _printf_u.o(.ARM.Collect$$_printf_percent$$0000000A)
    _printf_x                                0x08000249   Thumb Code     0  _printf_x.o(.ARM.Collect$$_printf_percent$$0000000C)
    _printf_c                                0x0800024f   Thumb Code     0  _printf_c.o(.ARM.Collect$$_printf_percent$$00000013)
    _printf_s                                0x08000255   Thumb Code     0  _printf_s.o(.ARM.Collect$$_printf_percent$$00000014)
    _printf_percent_end                      0x0800025b   Thumb Code     0  _printf_percent_end.o(.ARM.Collect$$_printf_percent$$00000017)
    __rt_lib_init                            0x0800025f   Thumb Code     0  libinit.o(.ARM.Collect$$libinit$$00000000)
    __rt_lib_init_fp_1                       0x08000261   Thumb Code     0  libinit2.o(.ARM.Collect$$libinit$$00000001)
    __rt_lib_init_alloca_1                   0x08000265   Thumb Code     0  libinit2.o(.ARM.Collect$$libinit$$0000002E)
    __rt_lib_init_argv_1                     0x08000265   Thumb Code     0  libinit2.o(.ARM.Collect$$libinit$$0000002C)
    __rt_lib_init_atexit_1                   0x08000265   Thumb Code     0  libinit2.o(.ARM.Collect$$libinit$$0000001B)
    __rt_lib_init_clock_1                    0x08000265   Thumb Code     0  libinit2.o(.ARM.Collect$$libinit$$00000021)
    __rt_lib_init_cpp_1                      0x08000265   Thumb Code     0  libinit2.o(.ARM.Collect$$libinit$$00000032)
    __rt_lib_init_exceptions_1               0x08000265   Thumb Code     0  libinit2.o(.ARM.Collect$$libinit$$00000030)
    __rt_lib_init_fp_trap_1                  0x08000265   Thumb Code     0  libinit2.o(.ARM.Collect$$libinit$$0000001F)
    __rt_lib_init_getenv_1                   0x08000265   Thumb Code     0  libinit2.o(.ARM.Collect$$libinit$$00000023)
    __rt_lib_init_heap_1                     0x08000265   Thumb Code     0  libinit2.o(.ARM.Collect$$libinit$$0000000A)
    __rt_lib_init_lc_collate_1               0x08000265   Thumb Code     0  libinit2.o(.ARM.Collect$$libinit$$00000011)
    __rt_lib_init_lc_ctype_1                 0x08000265   Thumb Code     0  libinit2.o(.ARM.Collect$$libinit$$00000013)
    __rt_lib_init_lc_monetary_1              0x08000265   Thumb Code     0  libinit2.o(.ARM.Collect$$libinit$$00000015)
    __rt_lib_init_lc_numeric_1               0x08000265   Thumb Code     0  libinit2.o(.ARM.Collect$$libinit$$00000017)
    __rt_lib_init_lc_time_1                  0x08000265   Thumb Code     0  libinit2.o(.ARM.Collect$$libinit$$00000019)
    __rt_lib_init_preinit_1                  0x08000265   Thumb Code     0  libinit2.o(.ARM.Collect$$libinit$$00000004)
    __rt_lib_init_rand_1                     0x08000265   Thumb Code     0  libinit2.o(.ARM.Collect$$libinit$$0000000E)
    __rt_lib_init_return                     0x08000265   Thumb Code     0  libinit2.o(.ARM.Collect$$libinit$$00000033)
    __rt_lib_init_signal_1                   0x08000265   Thumb Code     0  libinit2.o(.ARM.Collect$$libinit$$0000001D)
    __rt_lib_init_stdio_1                    0x08000265   Thumb Code     0  libinit2.o(.ARM.Collect$$libinit$$00000025)
    __rt_lib_init_user_alloc_1               0x08000265   Thumb Code     0  libinit2.o(.ARM.Collect$$libinit$$0000000C)
    __rt_lib_shutdown                        0x08000267   Thumb Code     0  libshutdown.o(.ARM.Collect$$libshutdown$$00000000)
    __rt_lib_shutdown_cpp_1                  0x08000269   Thumb Code     0  libshutdown2.o(.ARM.Collect$$libshutdown$$00000004)
    __rt_lib_shutdown_fini_1                 0x08000269   Thumb Code     0  libshutdown2.o(.ARM.Collect$$libshutdown$$00000002)
    __rt_lib_shutdown_fp_trap_1              0x08000269   Thumb Code     0  libshutdown2.o(.ARM.Collect$$libshutdown$$00000009)
    __rt_lib_shutdown_heap_1                 0x08000269   Thumb Code     0  libshutdown2.o(.ARM.Collect$$libshutdown$$00000011)
    __rt_lib_shutdown_return                 0x08000269   Thumb Code     0  libshutdown2.o(.ARM.Collect$$libshutdown$$00000012)
    __rt_lib_shutdown_signal_1               0x08000269   Thumb Code     0  libshutdown2.o(.ARM.Collect$$libshutdown$$0000000C)
    __rt_lib_shutdown_stdio_1                0x08000269   Thumb Code     0  libshutdown2.o(.ARM.Collect$$libshutdown$$00000006)
    __rt_lib_shutdown_user_alloc_1           0x08000269   Thumb Code     0  libshutdown2.o(.ARM.Collect$$libshutdown$$0000000E)
    __rt_entry                               0x0800026b   Thumb Code     0  __rtentry.o(.ARM.Collect$$rtentry$$00000000)
    __rt_entry_presh_1                       0x0800026b   Thumb Code     0  __rtentry2.o(.ARM.Collect$$rtentry$$00000002)
    __rt_entry_sh                            0x0800026b   Thumb Code     0  __rtentry4.o(.ARM.Collect$$rtentry$$00000004)
    __rt_entry_li                            0x08000271   Thumb Code     0  __rtentry2.o(.ARM.Collect$$rtentry$$0000000A)
    __rt_entry_postsh_1                      0x08000271   Thumb Code     0  __rtentry2.o(.ARM.Collect$$rtentry$$00000009)
    __rt_entry_main                          0x08000275   Thumb Code     0  __rtentry2.o(.ARM.Collect$$rtentry$$0000000D)
    __rt_entry_postli_1                      0x08000275   Thumb Code     0  __rtentry2.o(.ARM.Collect$$rtentry$$0000000C)
    __rt_exit                                0x0800027d   Thumb Code     0  rtexit.o(.ARM.Collect$$rtexit$$00000000)
    __rt_exit_ls                             0x0800027f   Thumb Code     0  rtexit2.o(.ARM.Collect$$rtexit$$00000003)
    __rt_exit_prels_1                        0x0800027f   Thumb Code     0  rtexit2.o(.ARM.Collect$$rtexit$$00000002)
    __rt_exit_exit                           0x08000283   Thumb Code     0  rtexit2.o(.ARM.Collect$$rtexit$$00000004)
    Reset_Handler                            0x08000289   Thumb Code    14  startup_stm32f407xx.o(.text)
    NMI_Handler                              0x08000297   Thumb Code     2  startup_stm32f407xx.o(.text)
    HardFault_Handler                        0x08000299   Thumb Code     2  startup_stm32f407xx.o(.text)
    MemManage_Handler                        0x0800029b   Thumb Code     2  startup_stm32f407xx.o(.text)
    BusFault_Handler                         0x0800029d   Thumb Code     2  startup_stm32f407xx.o(.text)
    UsageFault_Handler                       0x0800029f   Thumb Code     2  startup_stm32f407xx.o(.text)
    SVC_Handler                              0x080002a1   Thumb Code     2  startup_stm32f407xx.o(.text)
    DebugMon_Handler                         0x080002a3   Thumb Code     2  startup_stm32f407xx.o(.text)
    PendSV_Handler                           0x080002a5   Thumb Code     2  startup_stm32f407xx.o(.text)
    SysTick_Handler                          0x080002a7   Thumb Code     2  startup_stm32f407xx.o(.text)
    ADC_IRQHandler                           0x080002a9   Thumb Code     0  startup_stm32f407xx.o(.text)
    CAN1_RX0_IRQHandler                      0x080002a9   Thumb Code     0  startup_stm32f407xx.o(.text)
    CAN1_RX1_IRQHandler                      0x080002a9   Thumb Code     0  startup_stm32f407xx.o(.text)
    CAN1_SCE_IRQHandler                      0x080002a9   Thumb Code     0  startup_stm32f407xx.o(.text)
    CAN1_TX_IRQHandler                       0x080002a9   Thumb Code     0  startup_stm32f407xx.o(.text)
    CAN2_RX0_IRQHandler                      0x080002a9   Thumb Code     0  startup_stm32f407xx.o(.text)
    CAN2_RX1_IRQHandler                      0x080002a9   Thumb Code     0  startup_stm32f407xx.o(.text)
    CAN2_SCE_IRQHandler                      0x080002a9   Thumb Code     0  startup_stm32f407xx.o(.text)
    CAN2_TX_IRQHandler                       0x080002a9   Thumb Code     0  startup_stm32f407xx.o(.text)
    DCMI_IRQHandler                          0x080002a9   Thumb Code     0  startup_stm32f407xx.o(.text)
    DMA1_Stream0_IRQHandler                  0x080002a9   Thumb Code     0  startup_stm32f407xx.o(.text)
    DMA1_Stream1_IRQHandler                  0x080002a9   Thumb Code     0  startup_stm32f407xx.o(.text)
    DMA1_Stream2_IRQHandler                  0x080002a9   Thumb Code     0  startup_stm32f407xx.o(.text)
    DMA1_Stream3_IRQHandler                  0x080002a9   Thumb Code     0  startup_stm32f407xx.o(.text)
    DMA1_Stream4_IRQHandler                  0x080002a9   Thumb Code     0  startup_stm32f407xx.o(.text)
    DMA1_Stream5_IRQHandler                  0x080002a9   Thumb Code     0  startup_stm32f407xx.o(.text)
    DMA1_Stream6_IRQHandler                  0x080002a9   Thumb Code     0  startup_stm32f407xx.o(.text)
    DMA1_Stream7_IRQHandler                  0x080002a9   Thumb Code     0  startup_stm32f407xx.o(.text)
    DMA2_Stream0_IRQHandler                  0x080002a9   Thumb Code     0  startup_stm32f407xx.o(.text)
    DMA2_Stream1_IRQHandler                  0x080002a9   Thumb Code     0  startup_stm32f407xx.o(.text)
    DMA2_Stream2_IRQHandler                  0x080002a9   Thumb Code     0  startup_stm32f407xx.o(.text)
    DMA2_Stream3_IRQHandler                  0x080002a9   Thumb Code     0  startup_stm32f407xx.o(.text)
    DMA2_Stream4_IRQHandler                  0x080002a9   Thumb Code     0  startup_stm32f407xx.o(.text)
    DMA2_Stream5_IRQHandler                  0x080002a9   Thumb Code     0  startup_stm32f407xx.o(.text)
    DMA2_Stream6_IRQHandler                  0x080002a9   Thumb Code     0  startup_stm32f407xx.o(.text)
    DMA2_Stream7_IRQHandler                  0x080002a9   Thumb Code     0  startup_stm32f407xx.o(.text)
    ETH_IRQHandler                           0x080002a9   Thumb Code     0  startup_stm32f407xx.o(.text)
    ETH_WKUP_IRQHandler                      0x080002a9   Thumb Code     0  startup_stm32f407xx.o(.text)
    EXTI0_IRQHandler                         0x080002a9   Thumb Code     0  startup_stm32f407xx.o(.text)
    EXTI15_10_IRQHandler                     0x080002a9   Thumb Code     0  startup_stm32f407xx.o(.text)
    EXTI1_IRQHandler                         0x080002a9   Thumb Code     0  startup_stm32f407xx.o(.text)
    EXTI2_IRQHandler                         0x080002a9   Thumb Code     0  startup_stm32f407xx.o(.text)
    EXTI3_IRQHandler                         0x080002a9   Thumb Code     0  startup_stm32f407xx.o(.text)
    EXTI4_IRQHandler                         0x080002a9   Thumb Code     0  startup_stm32f407xx.o(.text)
    EXTI9_5_IRQHandler                       0x080002a9   Thumb Code     0  startup_stm32f407xx.o(.text)
    FLASH_IRQHandler                         0x080002a9   Thumb Code     0  startup_stm32f407xx.o(.text)
    FMC_IRQHandler                           0x080002a9   Thumb Code     0  startup_stm32f407xx.o(.text)
    FPU_IRQHandler                           0x080002a9   Thumb Code     0  startup_stm32f407xx.o(.text)
    HASH_RNG_IRQHandler                      0x080002a9   Thumb Code     0  startup_stm32f407xx.o(.text)
    I2C1_ER_IRQHandler                       0x080002a9   Thumb Code     0  startup_stm32f407xx.o(.text)
    I2C1_EV_IRQHandler                       0x080002a9   Thumb Code     0  startup_stm32f407xx.o(.text)
    I2C2_ER_IRQHandler                       0x080002a9   Thumb Code     0  startup_stm32f407xx.o(.text)
    I2C2_EV_IRQHandler                       0x080002a9   Thumb Code     0  startup_stm32f407xx.o(.text)
    I2C3_ER_IRQHandler                       0x080002a9   Thumb Code     0  startup_stm32f407xx.o(.text)
    I2C3_EV_IRQHandler                       0x080002a9   Thumb Code     0  startup_stm32f407xx.o(.text)
    OTG_FS_IRQHandler                        0x080002a9   Thumb Code     0  startup_stm32f407xx.o(.text)
    OTG_FS_WKUP_IRQHandler                   0x080002a9   Thumb Code     0  startup_stm32f407xx.o(.text)
    OTG_HS_EP1_IN_IRQHandler                 0x080002a9   Thumb Code     0  startup_stm32f407xx.o(.text)
    OTG_HS_EP1_OUT_IRQHandler                0x080002a9   Thumb Code     0  startup_stm32f407xx.o(.text)
    OTG_HS_IRQHandler                        0x080002a9   Thumb Code     0  startup_stm32f407xx.o(.text)
    OTG_HS_WKUP_IRQHandler                   0x080002a9   Thumb Code     0  startup_stm32f407xx.o(.text)
    PVD_IRQHandler                           0x080002a9   Thumb Code     0  startup_stm32f407xx.o(.text)
    RCC_IRQHandler                           0x080002a9   Thumb Code     0  startup_stm32f407xx.o(.text)
    RTC_Alarm_IRQHandler                     0x080002a9   Thumb Code     0  startup_stm32f407xx.o(.text)
    RTC_WKUP_IRQHandler                      0x080002a9   Thumb Code     0  startup_stm32f407xx.o(.text)
    SDIO_IRQHandler                          0x080002a9   Thumb Code     0  startup_stm32f407xx.o(.text)
    SPI1_IRQHandler                          0x080002a9   Thumb Code     0  startup_stm32f407xx.o(.text)
    SPI2_IRQHandler                          0x080002a9   Thumb Code     0  startup_stm32f407xx.o(.text)
    SPI3_IRQHandler                          0x080002a9   Thumb Code     0  startup_stm32f407xx.o(.text)
    TAMP_STAMP_IRQHandler                    0x080002a9   Thumb Code     0  startup_stm32f407xx.o(.text)
    TIM1_BRK_TIM9_IRQHandler                 0x080002a9   Thumb Code     0  startup_stm32f407xx.o(.text)
    TIM1_CC_IRQHandler                       0x080002a9   Thumb Code     0  startup_stm32f407xx.o(.text)
    TIM1_TRG_COM_TIM11_IRQHandler            0x080002a9   Thumb Code     0  startup_stm32f407xx.o(.text)
    TIM1_UP_TIM10_IRQHandler                 0x080002a9   Thumb Code     0  startup_stm32f407xx.o(.text)
    TIM2_IRQHandler                          0x080002a9   Thumb Code     0  startup_stm32f407xx.o(.text)
    TIM3_IRQHandler                          0x080002a9   Thumb Code     0  startup_stm32f407xx.o(.text)
    TIM5_IRQHandler                          0x080002a9   Thumb Code     0  startup_stm32f407xx.o(.text)
    TIM6_DAC_IRQHandler                      0x080002a9   Thumb Code     0  startup_stm32f407xx.o(.text)
    TIM7_IRQHandler                          0x080002a9   Thumb Code     0  startup_stm32f407xx.o(.text)
    TIM8_BRK_TIM12_IRQHandler                0x080002a9   Thumb Code     0  startup_stm32f407xx.o(.text)
    TIM8_CC_IRQHandler                       0x080002a9   Thumb Code     0  startup_stm32f407xx.o(.text)
    TIM8_TRG_COM_TIM14_IRQHandler            0x080002a9   Thumb Code     0  startup_stm32f407xx.o(.text)
    TIM8_UP_TIM13_IRQHandler                 0x080002a9   Thumb Code     0  startup_stm32f407xx.o(.text)
    UART4_IRQHandler                         0x080002a9   Thumb Code     0  startup_stm32f407xx.o(.text)
    UART5_IRQHandler                         0x080002a9   Thumb Code     0  startup_stm32f407xx.o(.text)
    USART2_IRQHandler                        0x080002a9   Thumb Code     0  startup_stm32f407xx.o(.text)
    USART3_IRQHandler                        0x080002a9   Thumb Code     0  startup_stm32f407xx.o(.text)
    USART6_IRQHandler                        0x080002a9   Thumb Code     0  startup_stm32f407xx.o(.text)
    WWDG_IRQHandler                          0x080002a9   Thumb Code     0  startup_stm32f407xx.o(.text)
    __user_initial_stackheap                 0x080002ad   Thumb Code     0  startup_stm32f407xx.o(.text)
    __use_no_semihosting                     0x080002cd   Thumb Code     2  use_no_semi_2.o(.text)
    __2printf                                0x080002d1   Thumb Code    20  noretval__2printf.o(.text)
    _printf_pre_padding                      0x080002e9   Thumb Code    44  _printf_pad.o(.text)
    _printf_post_padding                     0x08000315   Thumb Code    34  _printf_pad.o(.text)
    _printf_str                              0x08000337   Thumb Code    82  _printf_str.o(.text)
    _printf_int_dec                          0x08000389   Thumb Code   104  _printf_dec.o(.text)
    _printf_int_hex                          0x08000401   Thumb Code    84  _printf_hex_int.o(.text)
    _printf_longlong_hex                     0x08000401   Thumb Code     0  _printf_hex_int.o(.text)
    __printf                                 0x08000459   Thumb Code   388  __printf_flags_ss_wp.o(.text)
    __use_two_region_memory                  0x080005e1   Thumb Code     2  heapauxi.o(.text)
    __rt_heap_escrow$2region                 0x080005e3   Thumb Code     2  heapauxi.o(.text)
    __rt_heap_expand$2region                 0x080005e5   Thumb Code     2  heapauxi.o(.text)
    __semihosting$guard                      0x080005e7   Thumb Code     0  use_no_semi.o(.text)
    __use_no_semihosting_swi                 0x080005e7   Thumb Code     2  use_no_semi.o(.text)
    _printf_int_common                       0x080005e9   Thumb Code   178  _printf_intcommon.o(.text)
    _printf_cs_common                        0x0800069b   Thumb Code    20  _printf_char.o(.text)
    _printf_char                             0x080006af   Thumb Code    16  _printf_char.o(.text)
    _printf_string                           0x080006bf   Thumb Code     8  _printf_char.o(.text)
    _printf_char_file                        0x080006c9   Thumb Code    32  _printf_char_file.o(.text)
    _printf_char_common                      0x080006f7   Thumb Code    32  _printf_char_common.o(.text)
    ferror                                   0x0800071d   Thumb Code     8  ferror.o(.text)
    __user_setup_stackheap                   0x08000725   Thumb Code    74  sys_stackheap_outer.o(.text)
    exit                                     0x0800076f   Thumb Code    18  exit.o(.text)
    __user_libspace                          0x08000781   Thumb Code     8  libspace.o(.text)
    __user_perproc_libspace                  0x08000781   Thumb Code     0  libspace.o(.text)
    __user_perthread_libspace                0x08000781   Thumb Code     0  libspace.o(.text)
    TIM4_IRQHandler                          0x08000789   Thumb Code    44  usmart_port.o(i.TIM4_IRQHandler)
    USART1_IRQHandler                        0x080007bd   Thumb Code    76  usart.o(i.USART1_IRQHandler)
    _is_digit                                0x08000815   Thumb Code    14  __printf_wp.o(i._is_digit)
    _sys_exit                                0x08000823   Thumb Code     2  usart.o(i._sys_exit)
    delay_init                               0x08000825   Thumb Code    32  delay.o(i.delay_init)
    delay_ms                                 0x08000849   Thumb Code    10  delay.o(i.delay_ms)
    delay_us                                 0x08000855   Thumb Code    48  delay.o(i.delay_us)
    fputc                                    0x08000889   Thumb Code    14  usart.o(i.fputc)
    key_init                                 0x0800089d   Thumb Code   108  key.o(i.key_init)
    key_scan                                 0x08000915   Thumb Code   186  key.o(i.key_scan)
    lcd_clear                                0x080009dd   Thumb Code    44  lcd.o(i.lcd_clear)
    lcd_display_dir                          0x08000a0d   Thumb Code   226  lcd.o(i.lcd_display_dir)
    lcd_draw_point                           0x08000af5   Thumb Code    22  lcd.o(i.lcd_draw_point)
    lcd_ex_ili9341_reginit                   0x08000b0b   Thumb Code   558  lcd.o(i.lcd_ex_ili9341_reginit)
    lcd_ex_ili9806_reginit                   0x08000d39   Thumb Code   834  lcd.o(i.lcd_ex_ili9806_reginit)
    lcd_ex_nt35310_reginit                   0x0800107b   Thumb Code  3828  lcd.o(i.lcd_ex_nt35310_reginit)
    lcd_ex_nt35510_reginit                   0x08001f6f   Thumb Code  3834  lcd.o(i.lcd_ex_nt35510_reginit)
    lcd_ex_ssd1963_reginit                   0x08002e69   Thumb Code   368  lcd.o(i.lcd_ex_ssd1963_reginit)
    lcd_ex_st7789_reginit                    0x08002fd9   Thumb Code   426  lcd.o(i.lcd_ex_st7789_reginit)
    lcd_ex_st7796_reginit                    0x08003183   Thumb Code   456  lcd.o(i.lcd_ex_st7796_reginit)
    lcd_init                                 0x0800334d   Thumb Code  1132  lcd.o(i.lcd_init)
    lcd_scan_dir                             0x080037e9   Thumb Code   414  lcd.o(i.lcd_scan_dir)
    lcd_set_cursor                           0x0800398d   Thumb Code   236  lcd.o(i.lcd_set_cursor)
    lcd_show_char                            0x08003a7d   Thumb Code   196  lcd.o(i.lcd_show_char)
    lcd_show_num                             0x08003b59   Thumb Code   116  lcd.o(i.lcd_show_num)
    lcd_show_string                          0x08003bcd   Thumb Code    86  lcd.o(i.lcd_show_string)
    lcd_ssd_backlight_set                    0x08003c25   Thumb Code    72  lcd.o(i.lcd_ssd_backlight_set)
    lcd_wr_data                              0x08003c75   Thumb Code    24  lcd.o(i.lcd_wr_data)
    lcd_wr_regno                             0x08003c8d   Thumb Code    24  lcd.o(i.lcd_wr_regno)
    lcd_write_ram_prepare                    0x08003ca5   Thumb Code    14  lcd.o(i.lcd_write_ram_prepare)
    lcd_write_reg                            0x08003cb9   Thumb Code    12  lcd.o(i.lcd_write_reg)
    led_init                                 0x08003cc5   Thumb Code    86  led.o(i.led_init)
    main                                     0x08003d25   Thumb Code   362  main.o(i.main)
    my_mem_init                              0x08003f19   Thumb Code    36  malloc.o(i.my_mem_init)
    my_mem_perused                           0x08003fd1   Thumb Code    50  malloc.o(i.my_mem_perused)
    my_mem_set                               0x0800400d   Thumb Code    12  malloc.o(i.my_mem_set)
    myfree                                   0x08004019   Thumb Code    82  malloc.o(i.myfree)
    mymalloc                                 0x08004075   Thumb Code    28  malloc.o(i.mymalloc)
    read_addr                                0x08004095   Thumb Code     4  usmart.o(i.read_addr)
    sd_init                                  0x08004099   Thumb Code   426  sdio_sdcard.o(i.sd_init)
    sd_read_disk                             0x08004261   Thumb Code    30  sdio_sdcard.o(i.sd_read_disk)
    sd_test_read                             0x08004285   Thumb Code   152  main.o(i.sd_test_read)
    sd_test_write                            0x08004399   Thumb Code    74  main.o(i.sd_test_write)
    sd_write_disk                            0x08004401   Thumb Code    30  sdio_sdcard.o(i.sd_write_disk)
    show_sdcard_info                         0x08004fe9   Thumb Code    88  main.o(i.show_sdcard_info)
    sram_init                                0x08005101   Thumb Code   358  sram.o(i.sram_init)
    sys_clock_set                            0x0800527d   Thumb Code   264  sys.o(i.sys_clock_set)
    sys_gpio_af_set                          0x08005395   Thumb Code    62  sys.o(i.sys_gpio_af_set)
    sys_gpio_pin_get                         0x080053d3   Thumb Code    10  sys.o(i.sys_gpio_pin_get)
    sys_gpio_pin_set                         0x080053dd   Thumb Code    20  sys.o(i.sys_gpio_pin_set)
    sys_gpio_set                             0x080053f1   Thumb Code   128  sys.o(i.sys_gpio_set)
    sys_intx_disable                         0x08005471   Thumb Code     4  sys.o(i.sys_intx_disable)
    sys_intx_enable                          0x08005475   Thumb Code     4  sys.o(i.sys_intx_enable)
    sys_nvic_init                            0x08005479   Thumb Code    84  sys.o(i.sys_nvic_init)
    sys_nvic_set_vector_table                0x080054d5   Thumb Code    12  sys.o(i.sys_nvic_set_vector_table)
    sys_stm32_clock_init                     0x080054e5   Thumb Code    44  sys.o(i.sys_stm32_clock_init)
    usart_init                               0x08005515   Thumb Code   176  usart.o(i.usart_init)
    usmart_cmd_rec                           0x080055d5   Thumb Code   144  usmart.o(i.usmart_cmd_rec)
    usmart_exe                               0x08005669   Thumb Code   510  usmart.o(i.usmart_exe)
    usmart_get_aparm                         0x080058c9   Thumb Code   164  usmart_str.o(i.usmart_get_aparm)
    usmart_get_cmdname                       0x0800596d   Thumb Code    46  usmart_str.o(i.usmart_get_cmdname)
    usmart_get_fname                         0x0800599d   Thumb Code   352  usmart_str.o(i.usmart_get_fname)
    usmart_get_fparam                        0x08005b05   Thumb Code   202  usmart_str.o(i.usmart_get_fparam)
    usmart_get_input_string                  0x08005bd5   Thumb Code    24  usmart_port.o(i.usmart_get_input_string)
    usmart_get_parmpos                       0x08005bf5   Thumb Code    30  usmart_str.o(i.usmart_get_parmpos)
    usmart_init                              0x08005c19   Thumb Code    14  usmart.o(i.usmart_init)
    usmart_pow                               0x08005c2d   Thumb Code    16  usmart_str.o(i.usmart_pow)
    usmart_scan                              0x08005c3d   Thumb Code    82  usmart.o(i.usmart_scan)
    usmart_search_nextc                      0x08005ccd   Thumb Code    16  usmart_str.o(i.usmart_search_nextc)
    usmart_str2num                           0x08005cdd   Thumb Code   214  usmart_str.o(i.usmart_str2num)
    usmart_strcmp                            0x08005db3   Thumb Code    24  usmart_str.o(i.usmart_strcmp)
    usmart_strcopy                           0x08005dcb   Thumb Code    18  usmart_str.o(i.usmart_strcopy)
    usmart_strlen                            0x08005ddd   Thumb Code    18  usmart_str.o(i.usmart_strlen)
    usmart_sys_cmd_exe                       0x08005df1   Thumb Code  1458  usmart.o(i.usmart_sys_cmd_exe)
    usmart_timx_get_time                     0x08006471   Thumb Code    38  usmart_port.o(i.usmart_timx_get_time)
    usmart_timx_init                         0x080064a1   Thumb Code    74  usmart_port.o(i.usmart_timx_init)
    usmart_timx_reset_time                   0x080064f5   Thumb Code    36  usmart_port.o(i.usmart_timx_reset_time)
    write_addr                               0x08006521   Thumb Code     4  usmart.o(i.write_addr)
    __aeabi_d2uiz                            0x08006525   Thumb Code     0  dfixu.o(x$fpl$dfixu)
    _dfixu                                   0x08006525   Thumb Code    90  dfixu.o(x$fpl$dfixu)
    __aeabi_ui2d                             0x0800657f   Thumb Code     0  dflt_clz.o(x$fpl$dfltu)
    _dfltu                                   0x0800657f   Thumb Code    38  dflt_clz.o(x$fpl$dfltu)
    __aeabi_dmul                             0x080065a5   Thumb Code     0  dmul.o(x$fpl$dmul)
    _dmul                                    0x080065a5   Thumb Code   332  dmul.o(x$fpl$dmul)
    __fpl_dnaninf                            0x080066f9   Thumb Code   156  dnaninf.o(x$fpl$dnaninf)
    __fpl_dretinf                            0x08006795   Thumb Code    12  dretinf.o(x$fpl$dretinf)
    _fp_init                                 0x080067a1   Thumb Code    10  fpinit.o(x$fpl$fpinit)
    __fplib_config_fpu_vfp                   0x080067a9   Thumb Code     0  fpinit.o(x$fpl$fpinit)
    __fplib_config_pureend_doubles           0x080067a9   Thumb Code     0  fpinit.o(x$fpl$fpinit)
    __I$use$fp                               0x080067aa   Number         0  usenofp.o(x$fpl$usenofp)
    asc2_1206                                0x080067aa   Data        1140  lcd.o(.constdata)
    asc2_1608                                0x08006c1e   Data        1520  lcd.o(.constdata)
    asc2_2412                                0x0800720e   Data        3420  lcd.o(.constdata)
    asc2_3216                                0x08007f6a   Data        6080  lcd.o(.constdata)
    memtblsize                               0x0800972c   Data          12  malloc.o(.constdata)
    memblksize                               0x08009738   Data          12  malloc.o(.constdata)
    memsize                                  0x08009744   Data          12  malloc.o(.constdata)
    Region$$Table$$Base                      0x080098b0   Number         0  anon$$obj.o(Region$$Table)
    Region$$Table$$Limit                     0x080098d0   Number         0  anon$$obj.o(Region$$Table)
    g_usart_rx_sta                           0x20000004   Data           2  usart.o(.data)
    __stdout                                 0x20000008   Data           4  usart.o(.data)
    g_back_color                             0x2000000c   Data           4  lcd.o(.data)
    sys_cmd_tab                              0x2000001c   Data          28  usmart.o(.data)
    usmart_nametab                           0x20000038   Data          48  usmart_config.o(.data)
    usmart_dev                               0x20000068   Data         244  usmart_config.o(.data)
    mallco_dev                               0x2000015c   Data          36  malloc.o(.data)
    g_usart_rx_buf                           0x20000180   Data         200  usart.o(.bss)
    lcddev                                   0x20000248   Data          14  lcd.o(.bss)
    g_sd_card_info                           0x20000278   Data          88  sdio_sdcard.o(.bss)
    __libspace_start                         0x2001ac00   Data          96  libspace.o(.bss)
    __temporary_stack_top$libspace           0x2001ac60   Data           0  libspace.o(.bss)



==============================================================================

Memory Map of the image

  Image Entry point : 0x08000189

  Load Region LR_IROM1 (Base: 0x08000000, Size: 0x00009a50, Max: 0x00100000, ABSOLUTE, COMPRESSED[0x00009948])

    Execution Region ER_IROM1 (Exec base: 0x08000000, Load base: 0x08000000, Size: 0x000098d0, Max: 0x00100000, ABSOLUTE)

    Exec Addr    Load Addr    Size         Type   Attr      Idx    E Section Name        Object

    0x08000000   0x08000000   0x00000188   Data   RO            3    RESET               startup_stm32f407xx.o
    0x08000188   0x08000188   0x00000008   Code   RO         1179  * !!!main             c_w.l(__main.o)
    0x08000190   0x08000190   0x00000034   Code   RO         1365    !!!scatter          c_w.l(__scatter.o)
    0x080001c4   0x080001c4   0x0000005a   Code   RO         1363    !!dczerorl2         c_w.l(__dczerorl2.o)
    0x0800021e   0x0800021e   0x00000002   PAD
    0x08000220   0x08000220   0x0000001c   Code   RO         1367    !!handler_zi        c_w.l(__scatter_zi.o)
    0x0800023c   0x0800023c   0x00000000   Code   RO         1176    .ARM.Collect$$_printf_percent$$00000000  c_w.l(_printf_percent.o)
    0x0800023c   0x0800023c   0x00000006   Code   RO         1174    .ARM.Collect$$_printf_percent$$00000009  c_w.l(_printf_d.o)
    0x08000242   0x08000242   0x00000006   Code   RO         1175    .ARM.Collect$$_printf_percent$$0000000A  c_w.l(_printf_u.o)
    0x08000248   0x08000248   0x00000006   Code   RO         1173    .ARM.Collect$$_printf_percent$$0000000C  c_w.l(_printf_x.o)
    0x0800024e   0x0800024e   0x00000006   Code   RO         1171    .ARM.Collect$$_printf_percent$$00000013  c_w.l(_printf_c.o)
    0x08000254   0x08000254   0x00000006   Code   RO         1172    .ARM.Collect$$_printf_percent$$00000014  c_w.l(_printf_s.o)
    0x0800025a   0x0800025a   0x00000004   Code   RO         1202    .ARM.Collect$$_printf_percent$$00000017  c_w.l(_printf_percent_end.o)
    0x0800025e   0x0800025e   0x00000002   Code   RO         1240    .ARM.Collect$$libinit$$00000000  c_w.l(libinit.o)
    0x08000260   0x08000260   0x00000004   Code   RO         1246    .ARM.Collect$$libinit$$00000001  c_w.l(libinit2.o)
    0x08000264   0x08000264   0x00000000   Code   RO         1249    .ARM.Collect$$libinit$$00000004  c_w.l(libinit2.o)
    0x08000264   0x08000264   0x00000000   Code   RO         1252    .ARM.Collect$$libinit$$0000000A  c_w.l(libinit2.o)
    0x08000264   0x08000264   0x00000000   Code   RO         1254    .ARM.Collect$$libinit$$0000000C  c_w.l(libinit2.o)
    0x08000264   0x08000264   0x00000000   Code   RO         1256    .ARM.Collect$$libinit$$0000000E  c_w.l(libinit2.o)
    0x08000264   0x08000264   0x00000000   Code   RO         1259    .ARM.Collect$$libinit$$00000011  c_w.l(libinit2.o)
    0x08000264   0x08000264   0x00000000   Code   RO         1261    .ARM.Collect$$libinit$$00000013  c_w.l(libinit2.o)
    0x08000264   0x08000264   0x00000000   Code   RO         1263    .ARM.Collect$$libinit$$00000015  c_w.l(libinit2.o)
    0x08000264   0x08000264   0x00000000   Code   RO         1265    .ARM.Collect$$libinit$$00000017  c_w.l(libinit2.o)
    0x08000264   0x08000264   0x00000000   Code   RO         1267    .ARM.Collect$$libinit$$00000019  c_w.l(libinit2.o)
    0x08000264   0x08000264   0x00000000   Code   RO         1269    .ARM.Collect$$libinit$$0000001B  c_w.l(libinit2.o)
    0x08000264   0x08000264   0x00000000   Code   RO         1271    .ARM.Collect$$libinit$$0000001D  c_w.l(libinit2.o)
    0x08000264   0x08000264   0x00000000   Code   RO         1273    .ARM.Collect$$libinit$$0000001F  c_w.l(libinit2.o)
    0x08000264   0x08000264   0x00000000   Code   RO         1275    .ARM.Collect$$libinit$$00000021  c_w.l(libinit2.o)
    0x08000264   0x08000264   0x00000000   Code   RO         1277    .ARM.Collect$$libinit$$00000023  c_w.l(libinit2.o)
    0x08000264   0x08000264   0x00000000   Code   RO         1279    .ARM.Collect$$libinit$$00000025  c_w.l(libinit2.o)
    0x08000264   0x08000264   0x00000000   Code   RO         1283    .ARM.Collect$$libinit$$0000002C  c_w.l(libinit2.o)
    0x08000264   0x08000264   0x00000000   Code   RO         1285    .ARM.Collect$$libinit$$0000002E  c_w.l(libinit2.o)
    0x08000264   0x08000264   0x00000000   Code   RO         1287    .ARM.Collect$$libinit$$00000030  c_w.l(libinit2.o)
    0x08000264   0x08000264   0x00000000   Code   RO         1289    .ARM.Collect$$libinit$$00000032  c_w.l(libinit2.o)
    0x08000264   0x08000264   0x00000002   Code   RO         1290    .ARM.Collect$$libinit$$00000033  c_w.l(libinit2.o)
    0x08000266   0x08000266   0x00000002   Code   RO         1308    .ARM.Collect$$libshutdown$$00000000  c_w.l(libshutdown.o)
    0x08000268   0x08000268   0x00000000   Code   RO         1316    .ARM.Collect$$libshutdown$$00000002  c_w.l(libshutdown2.o)
    0x08000268   0x08000268   0x00000000   Code   RO         1318    .ARM.Collect$$libshutdown$$00000004  c_w.l(libshutdown2.o)
    0x08000268   0x08000268   0x00000000   Code   RO         1320    .ARM.Collect$$libshutdown$$00000006  c_w.l(libshutdown2.o)
    0x08000268   0x08000268   0x00000000   Code   RO         1323    .ARM.Collect$$libshutdown$$00000009  c_w.l(libshutdown2.o)
    0x08000268   0x08000268   0x00000000   Code   RO         1326    .ARM.Collect$$libshutdown$$0000000C  c_w.l(libshutdown2.o)
    0x08000268   0x08000268   0x00000000   Code   RO         1328    .ARM.Collect$$libshutdown$$0000000E  c_w.l(libshutdown2.o)
    0x08000268   0x08000268   0x00000000   Code   RO         1331    .ARM.Collect$$libshutdown$$00000011  c_w.l(libshutdown2.o)
    0x08000268   0x08000268   0x00000002   Code   RO         1332    .ARM.Collect$$libshutdown$$00000012  c_w.l(libshutdown2.o)
    0x0800026a   0x0800026a   0x00000000   Code   RO         1195    .ARM.Collect$$rtentry$$00000000  c_w.l(__rtentry.o)
    0x0800026a   0x0800026a   0x00000000   Code   RO         1209    .ARM.Collect$$rtentry$$00000002  c_w.l(__rtentry2.o)
    0x0800026a   0x0800026a   0x00000006   Code   RO         1221    .ARM.Collect$$rtentry$$00000004  c_w.l(__rtentry4.o)
    0x08000270   0x08000270   0x00000000   Code   RO         1211    .ARM.Collect$$rtentry$$00000009  c_w.l(__rtentry2.o)
    0x08000270   0x08000270   0x00000004   Code   RO         1212    .ARM.Collect$$rtentry$$0000000A  c_w.l(__rtentry2.o)
    0x08000274   0x08000274   0x00000000   Code   RO         1214    .ARM.Collect$$rtentry$$0000000C  c_w.l(__rtentry2.o)
    0x08000274   0x08000274   0x00000008   Code   RO         1215    .ARM.Collect$$rtentry$$0000000D  c_w.l(__rtentry2.o)
    0x0800027c   0x0800027c   0x00000002   Code   RO         1244    .ARM.Collect$$rtexit$$00000000  c_w.l(rtexit.o)
    0x0800027e   0x0800027e   0x00000000   Code   RO         1292    .ARM.Collect$$rtexit$$00000002  c_w.l(rtexit2.o)
    0x0800027e   0x0800027e   0x00000004   Code   RO         1293    .ARM.Collect$$rtexit$$00000003  c_w.l(rtexit2.o)
    0x08000282   0x08000282   0x00000006   Code   RO         1294    .ARM.Collect$$rtexit$$00000004  c_w.l(rtexit2.o)
    0x08000288   0x08000288   0x00000044   Code   RO            4    .text               startup_stm32f407xx.o
    0x080002cc   0x080002cc   0x00000002   Code   RO         1116    .text               c_w.l(use_no_semi_2.o)
    0x080002ce   0x080002ce   0x00000002   PAD
    0x080002d0   0x080002d0   0x00000018   Code   RO         1120    .text               c_w.l(noretval__2printf.o)
    0x080002e8   0x080002e8   0x0000004e   Code   RO         1124    .text               c_w.l(_printf_pad.o)
    0x08000336   0x08000336   0x00000052   Code   RO         1126    .text               c_w.l(_printf_str.o)
    0x08000388   0x08000388   0x00000078   Code   RO         1128    .text               c_w.l(_printf_dec.o)
    0x08000400   0x08000400   0x00000058   Code   RO         1133    .text               c_w.l(_printf_hex_int.o)
    0x08000458   0x08000458   0x00000188   Code   RO         1168    .text               c_w.l(__printf_flags_ss_wp.o)
    0x080005e0   0x080005e0   0x00000006   Code   RO         1177    .text               c_w.l(heapauxi.o)
    0x080005e6   0x080005e6   0x00000002   Code   RO         1193    .text               c_w.l(use_no_semi.o)
    0x080005e8   0x080005e8   0x000000b2   Code   RO         1196    .text               c_w.l(_printf_intcommon.o)
    0x0800069a   0x0800069a   0x0000002c   Code   RO         1198    .text               c_w.l(_printf_char.o)
    0x080006c6   0x080006c6   0x00000002   PAD
    0x080006c8   0x080006c8   0x00000024   Code   RO         1200    .text               c_w.l(_printf_char_file.o)
    0x080006ec   0x080006ec   0x00000030   Code   RO         1223    .text               c_w.l(_printf_char_common.o)
    0x0800071c   0x0800071c   0x00000008   Code   RO         1225    .text               c_w.l(ferror.o)
    0x08000724   0x08000724   0x0000004a   Code   RO         1229    .text               c_w.l(sys_stackheap_outer.o)
    0x0800076e   0x0800076e   0x00000012   Code   RO         1233    .text               c_w.l(exit.o)
    0x08000780   0x08000780   0x00000008   Code   RO         1241    .text               c_w.l(libspace.o)
    0x08000788   0x08000788   0x00000034   Code   RO          913    i.TIM4_IRQHandler   usmart_port.o
    0x080007bc   0x080007bc   0x00000058   Code   RO          278    i.USART1_IRQHandler  usart.o
    0x08000814   0x08000814   0x0000000e   Code   RO         1161    i._is_digit         c_w.l(__printf_wp.o)
    0x08000822   0x08000822   0x00000002   Code   RO          280    i._sys_exit         usart.o
    0x08000824   0x08000824   0x00000024   Code   RO          130    i.delay_init        delay.o
    0x08000848   0x08000848   0x0000000a   Code   RO          131    i.delay_ms          delay.o
    0x08000852   0x08000852   0x00000002   PAD
    0x08000854   0x08000854   0x00000034   Code   RO          132    i.delay_us          delay.o
    0x08000888   0x08000888   0x00000014   Code   RO          282    i.fputc             usart.o
    0x0800089c   0x0800089c   0x00000078   Code   RO          611    i.key_init          key.o
    0x08000914   0x08000914   0x000000c8   Code   RO          612    i.key_scan          key.o
    0x080009dc   0x080009dc   0x00000030   Code   RO          368    i.lcd_clear         lcd.o
    0x08000a0c   0x08000a0c   0x000000e8   Code   RO          370    i.lcd_display_dir   lcd.o
    0x08000af4   0x08000af4   0x00000016   Code   RO          376    i.lcd_draw_point    lcd.o
    0x08000b0a   0x08000b0a   0x0000022e   Code   RO          378    i.lcd_ex_ili9341_reginit  lcd.o
    0x08000d38   0x08000d38   0x00000342   Code   RO          379    i.lcd_ex_ili9806_reginit  lcd.o
    0x0800107a   0x0800107a   0x00000ef4   Code   RO          380    i.lcd_ex_nt35310_reginit  lcd.o
    0x08001f6e   0x08001f6e   0x00000efa   Code   RO          381    i.lcd_ex_nt35510_reginit  lcd.o
    0x08002e68   0x08002e68   0x00000170   Code   RO          382    i.lcd_ex_ssd1963_reginit  lcd.o
    0x08002fd8   0x08002fd8   0x000001aa   Code   RO          383    i.lcd_ex_st7789_reginit  lcd.o
    0x08003182   0x08003182   0x000001c8   Code   RO          384    i.lcd_ex_st7796_reginit  lcd.o
    0x0800334a   0x0800334a   0x00000002   PAD
    0x0800334c   0x0800334c   0x00000470   Code   RO          387    i.lcd_init          lcd.o
    0x080037bc   0x080037bc   0x00000010   Code   RO          388    i.lcd_pow           lcd.o
    0x080037cc   0x080037cc   0x0000001a   Code   RO          389    i.lcd_rd_data       lcd.o
    0x080037e6   0x080037e6   0x00000002   PAD
    0x080037e8   0x080037e8   0x000001a4   Code   RO          391    i.lcd_scan_dir      lcd.o
    0x0800398c   0x0800398c   0x000000f0   Code   RO          392    i.lcd_set_cursor    lcd.o
    0x08003a7c   0x08003a7c   0x000000dc   Code   RO          394    i.lcd_show_char     lcd.o
    0x08003b58   0x08003b58   0x00000074   Code   RO          395    i.lcd_show_num      lcd.o
    0x08003bcc   0x08003bcc   0x00000056   Code   RO          396    i.lcd_show_string   lcd.o
    0x08003c22   0x08003c22   0x00000002   PAD
    0x08003c24   0x08003c24   0x00000050   Code   RO          398    i.lcd_ssd_backlight_set  lcd.o
    0x08003c74   0x08003c74   0x00000018   Code   RO          399    i.lcd_wr_data       lcd.o
    0x08003c8c   0x08003c8c   0x00000018   Code   RO          400    i.lcd_wr_regno      lcd.o
    0x08003ca4   0x08003ca4   0x00000014   Code   RO          401    i.lcd_write_ram_prepare  lcd.o
    0x08003cb8   0x08003cb8   0x0000000c   Code   RO          402    i.lcd_write_reg     lcd.o
    0x08003cc4   0x08003cc4   0x00000060   Code   RO          344    i.led_init          led.o
    0x08003d24   0x08003d24   0x000001f4   Code   RO           13    i.main              main.o
    0x08003f18   0x08003f18   0x0000002c   Code   RO         1041    i.my_mem_init       malloc.o
    0x08003f44   0x08003f44   0x0000008c   Code   RO         1042    i.my_mem_malloc     malloc.o
    0x08003fd0   0x08003fd0   0x0000003c   Code   RO         1043    i.my_mem_perused    malloc.o
    0x0800400c   0x0800400c   0x0000000c   Code   RO         1044    i.my_mem_set        malloc.o
    0x08004018   0x08004018   0x0000005c   Code   RO         1045    i.myfree            malloc.o
    0x08004074   0x08004074   0x00000020   Code   RO         1046    i.mymalloc          malloc.o
    0x08004094   0x08004094   0x00000004   Code   RO          820    i.read_addr         usmart.o
    0x08004098   0x08004098   0x000001c8   Code   RO          689    i.sd_init           sdio_sdcard.o
    0x08004260   0x08004260   0x00000024   Code   RO          690    i.sd_read_disk      sdio_sdcard.o
    0x08004284   0x08004284   0x00000114   Code   RO           14    i.sd_test_read      main.o
    0x08004398   0x08004398   0x00000068   Code   RO           15    i.sd_test_write     main.o
    0x08004400   0x08004400   0x00000024   Code   RO          691    i.sd_write_disk     sdio_sdcard.o
    0x08004424   0x08004424   0x00000014   Code   RO          692    i.sdmmc_clock_set   sdio_sdcard.o
    0x08004438   0x08004438   0x0000005c   Code   RO          693    i.sdmmc_cmd_resp1_error  sdio_sdcard.o
    0x08004494   0x08004494   0x00000048   Code   RO          694    i.sdmmc_cmd_resp2_error  sdio_sdcard.o
    0x080044dc   0x080044dc   0x0000003c   Code   RO          695    i.sdmmc_cmd_resp3_error  sdio_sdcard.o
    0x08004518   0x08004518   0x00000080   Code   RO          696    i.sdmmc_cmd_resp6_error  sdio_sdcard.o
    0x08004598   0x08004598   0x000000c4   Code   RO          697    i.sdmmc_find_scr    sdio_sdcard.o
    0x0800465c   0x0800465c   0x00000218   Code   RO          698    i.sdmmc_get_card_info  sdio_sdcard.o
    0x08004874   0x08004874   0x000000dc   Code   RO          700    i.sdmmc_initialize_cards  sdio_sdcard.o
    0x08004950   0x08004950   0x00000084   Code   RO          701    i.sdmmc_is_card_programming  sdio_sdcard.o
    0x080049d4   0x080049d4   0x00000188   Code   RO          702    i.sdmmc_power_on    sdio_sdcard.o
    0x08004b5c   0x08004b5c   0x000001a4   Code   RO          703    i.sdmmc_read_blocks  sdio_sdcard.o
    0x08004d00   0x08004d00   0x0000001c   Code   RO          704    i.sdmmc_send_cmd    sdio_sdcard.o
    0x08004d1c   0x08004d1c   0x00000030   Code   RO          705    i.sdmmc_send_data_cfg  sdio_sdcard.o
    0x08004d4c   0x08004d4c   0x0000006c   Code   RO          706    i.sdmmc_wide_bus_enable  sdio_sdcard.o
    0x08004db8   0x08004db8   0x00000230   Code   RO          707    i.sdmmc_write_blocks  sdio_sdcard.o
    0x08004fe8   0x08004fe8   0x00000118   Code   RO           16    i.show_sdcard_info  main.o
    0x08005100   0x08005100   0x0000017c   Code   RO          642    i.sram_init         sram.o
    0x0800527c   0x0800527c   0x00000118   Code   RO          168    i.sys_clock_set     sys.o
    0x08005394   0x08005394   0x0000003e   Code   RO          169    i.sys_gpio_af_set   sys.o
    0x080053d2   0x080053d2   0x0000000a   Code   RO          170    i.sys_gpio_pin_get  sys.o
    0x080053dc   0x080053dc   0x00000014   Code   RO          171    i.sys_gpio_pin_set  sys.o
    0x080053f0   0x080053f0   0x00000080   Code   RO          172    i.sys_gpio_set      sys.o
    0x08005470   0x08005470   0x00000004   Code   RO          173    i.sys_intx_disable  sys.o
    0x08005474   0x08005474   0x00000004   Code   RO          174    i.sys_intx_enable   sys.o
    0x08005478   0x08005478   0x0000005c   Code   RO          177    i.sys_nvic_init     sys.o
    0x080054d4   0x080054d4   0x00000010   Code   RO          178    i.sys_nvic_set_vector_table  sys.o
    0x080054e4   0x080054e4   0x00000030   Code   RO          181    i.sys_stm32_clock_init  sys.o
    0x08005514   0x08005514   0x000000c0   Code   RO          283    i.usart_init        usart.o
    0x080055d4   0x080055d4   0x00000094   Code   RO          821    i.usmart_cmd_rec    usmart.o
    0x08005668   0x08005668   0x00000260   Code   RO          822    i.usmart_exe        usmart.o
    0x080058c8   0x080058c8   0x000000a4   Code   RO          961    i.usmart_get_aparm  usmart_str.o
    0x0800596c   0x0800596c   0x0000002e   Code   RO          962    i.usmart_get_cmdname  usmart_str.o
    0x0800599a   0x0800599a   0x00000002   PAD
    0x0800599c   0x0800599c   0x00000168   Code   RO          963    i.usmart_get_fname  usmart_str.o
    0x08005b04   0x08005b04   0x000000d0   Code   RO          964    i.usmart_get_fparam  usmart_str.o
    0x08005bd4   0x08005bd4   0x00000020   Code   RO          914    i.usmart_get_input_string  usmart_port.o
    0x08005bf4   0x08005bf4   0x00000024   Code   RO          965    i.usmart_get_parmpos  usmart_str.o
    0x08005c18   0x08005c18   0x00000014   Code   RO          823    i.usmart_init       usmart.o
    0x08005c2c   0x08005c2c   0x00000010   Code   RO          966    i.usmart_pow        usmart_str.o
    0x08005c3c   0x08005c3c   0x00000090   Code   RO          824    i.usmart_scan       usmart.o
    0x08005ccc   0x08005ccc   0x00000010   Code   RO          967    i.usmart_search_nextc  usmart_str.o
    0x08005cdc   0x08005cdc   0x000000d6   Code   RO          968    i.usmart_str2num    usmart_str.o
    0x08005db2   0x08005db2   0x00000018   Code   RO          969    i.usmart_strcmp     usmart_str.o
    0x08005dca   0x08005dca   0x00000012   Code   RO          970    i.usmart_strcopy    usmart_str.o
    0x08005ddc   0x08005ddc   0x00000012   Code   RO          971    i.usmart_strlen     usmart_str.o
    0x08005dee   0x08005dee   0x00000002   PAD
    0x08005df0   0x08005df0   0x00000680   Code   RO          825    i.usmart_sys_cmd_exe  usmart.o
    0x08006470   0x08006470   0x00000030   Code   RO          915    i.usmart_timx_get_time  usmart_port.o
    0x080064a0   0x080064a0   0x00000054   Code   RO          916    i.usmart_timx_init  usmart_port.o
    0x080064f4   0x080064f4   0x0000002c   Code   RO          917    i.usmart_timx_reset_time  usmart_port.o
    0x08006520   0x08006520   0x00000004   Code   RO          826    i.write_addr        usmart.o
    0x08006524   0x08006524   0x0000005a   Code   RO         1181    x$fpl$dfixu         fz_wm.l(dfixu.o)
    0x0800657e   0x0800657e   0x00000026   Code   RO         1185    x$fpl$dfltu         fz_wm.l(dflt_clz.o)
    0x080065a4   0x080065a4   0x00000154   Code   RO         1191    x$fpl$dmul          fz_wm.l(dmul.o)
    0x080066f8   0x080066f8   0x0000009c   Code   RO         1203    x$fpl$dnaninf       fz_wm.l(dnaninf.o)
    0x08006794   0x08006794   0x0000000c   Code   RO         1205    x$fpl$dretinf       fz_wm.l(dretinf.o)
    0x080067a0   0x080067a0   0x0000000a   Code   RO         1300    x$fpl$fpinit        fz_wm.l(fpinit.o)
    0x080067aa   0x080067aa   0x00000000   Code   RO         1207    x$fpl$usenofp       fz_wm.l(usenofp.o)
    0x080067aa   0x080067aa   0x00002f80   Data   RO          404    .constdata          lcd.o
    0x0800972a   0x0800972a   0x00000002   PAD
    0x0800972c   0x0800972c   0x00000024   Data   RO         1054    .constdata          malloc.o
    0x08009750   0x08009750   0x00000028   Data   RO         1134    .constdata          c_w.l(_printf_hex_int.o)
    0x08009778   0x08009778   0x00000011   Data   RO         1169    .constdata          c_w.l(__printf_flags_ss_wp.o)
    0x08009789   0x08009789   0x00000003   PAD
    0x0800978c   0x0800978c   0x00000028   Data   RO          827    .conststring        usmart.o
    0x080097b4   0x080097b4   0x000000fa   Data   RO          887    .conststring        usmart_config.o
    0x080098ae   0x080098ae   0x00000002   PAD
    0x080098b0   0x080098b0   0x00000020   Data   RO         1361    Region$$Table       anon$$obj.o


    Execution Region RW_IRAM1 (Exec base: 0x20000000, Load base: 0x080098d0, Size: 0x0001b060, Max: 0x00020000, ABSOLUTE, COMPRESSED[0x00000078])

    Exec Addr    Load Addr    Size         Type   Attr      Idx    E Section Name        Object

    0x20000000   COMPRESSED   0x00000004   Data   RW          133    .data               delay.o
    0x20000004   COMPRESSED   0x00000002   Data   RW          285    .data               usart.o
    0x20000006   COMPRESSED   0x00000002   PAD
    0x20000008   COMPRESSED   0x00000004   Data   RW          286    .data               usart.o
    0x2000000c   COMPRESSED   0x00000004   Data   RW          406    .data               lcd.o
    0x20000010   COMPRESSED   0x00000001   Data   RW          613    .data               key.o
    0x20000011   COMPRESSED   0x00000003   PAD
    0x20000014   COMPRESSED   0x00000008   Data   RW          709    .data               sdio_sdcard.o
    0x2000001c   COMPRESSED   0x0000001c   Data   RW          828    .data               usmart.o
    0x20000038   COMPRESSED   0x00000030   Data   RW          888    .data               usmart_config.o
    0x20000068   COMPRESSED   0x000000f4   Data   RW          889    .data               usmart_config.o
    0x2000015c   COMPRESSED   0x00000024   Data   RW         1055    .data               malloc.o
    0x20000180        -       0x000000c8   Zero   RW          284    .bss                usart.o
    0x20000248        -       0x0000000e   Zero   RW          403    .bss                lcd.o
    0x20000256   COMPRESSED   0x00000002   PAD
    0x20000258        -       0x00000078   Zero   RW          708    .bss                sdio_sdcard.o
    0x200002d0   COMPRESSED   0x00000030   PAD
    0x20000300        -       0x00019000   Zero   RW         1052    .bss                malloc.o
    0x20019300        -       0x00001900   Zero   RW         1053    .bss                malloc.o
    0x2001ac00        -       0x00000060   Zero   RW         1242    .bss                c_w.l(libspace.o)
    0x2001ac60        -       0x00000000   Zero   RW            2    HEAP                startup_stm32f407xx.o
    0x2001ac60        -       0x00000400   Zero   RW            1    STACK               startup_stm32f407xx.o



  Load Region LR$$.ARM.__AT_0x10000000 (Base: 0x10000000, Size: 0x00000000, Max: 0x0000f000, ABSOLUTE)

    Execution Region ER$$.ARM.__AT_0x10000000 (Exec base: 0x10000000, Load base: 0x10000000, Size: 0x0000f000, Max: 0x0000f000, ABSOLUTE, UNINIT)

    Exec Addr    Load Addr    Size         Type   Attr      Idx    E Section Name        Object

    0x10000000        -       0x0000f000   Zero   RW         1048    .ARM.__AT_0x10000000  malloc.o



  Load Region LR$$.ARM.__AT_0x1000F000 (Base: 0x1000f000, Size: 0x00000000, Max: 0x00000f00, ABSOLUTE)

    Execution Region ER$$.ARM.__AT_0x1000F000 (Exec base: 0x1000f000, Load base: 0x1000f000, Size: 0x00000f00, Max: 0x00000f00, ABSOLUTE, UNINIT)

    Exec Addr    Load Addr    Size         Type   Attr      Idx    E Section Name        Object

    0x1000f000        -       0x00000f00   Zero   RW         1049    .ARM.__AT_0x1000F000  malloc.o



  Load Region LR$$.ARM.__AT_0x68000000 (Base: 0x68000000, Size: 0x00000000, Max: 0x000f0c00, ABSOLUTE)

    Execution Region ER$$.ARM.__AT_0x68000000 (Exec base: 0x68000000, Load base: 0x68000000, Size: 0x000f0c00, Max: 0x000f0c00, ABSOLUTE, UNINIT)

    Exec Addr    Load Addr    Size         Type   Attr      Idx    E Section Name        Object

    0x68000000        -       0x000f0c00   Zero   RW         1050    .ARM.__AT_0x68000000  malloc.o



  Load Region LR$$.ARM.__AT_0x680F0C00 (Base: 0x680f0c00, Size: 0x00000000, Max: 0x0000f0c0, ABSOLUTE)

    Execution Region ER$$.ARM.__AT_0x680F0C00 (Exec base: 0x680f0c00, Load base: 0x680f0c00, Size: 0x0000f0c0, Max: 0x0000f0c0, ABSOLUTE, UNINIT)

    Exec Addr    Load Addr    Size         Type   Attr      Idx    E Section Name        Object

    0x680f0c00        -       0x0000f0c0   Zero   RW         1051    .ARM.__AT_0x680F0C00  malloc.o


==============================================================================

Image component sizes


      Code (inc. data)   RO Data    RW Data    ZI Data      Debug   Object Name

        98          8          0          4          0       2175   delay.o
       320         26          0          1          0       1370   key.o
     13026        124      12160          4         14      26888   lcd.o
        96         10          0          0          0        603   led.o
      1160        484          0          0          0     567293   main.o
       380         40         36         36    1221824       6931   malloc.o
      3540        242          0          8        120      27930   sdio_sdcard.o
       380         22          0          0          0        704   sram.o
        68         24        392          0       1024       1028   startup_stm32f407xx.o
       664         32          0          0          0       8087   sys.o
       302         34          0          6        200       4701   usart.o
      2592       1310         40         28          0       6742   usmart.o
         0          0        250        292          0       1728   usmart_config.o
       260         44          0          0          0       3147   usmart_port.o
      1120         20          0          0          0      10759   usmart_str.o

    ----------------------------------------------------------------------
     24018       2420      12914        384    1223232     670086   Object Totals
         0          0         32          0          0          0   (incl. Generated)
        12          0          4          5         50          0   (incl. Padding)

    ----------------------------------------------------------------------

      Code (inc. data)   RO Data    RW Data    ZI Data      Debug   Library Member Name

        90          0          0          0          0          0   __dczerorl2.o
         8          0          0          0          0         68   __main.o
       392          4         17          0          0         92   __printf_flags_ss_wp.o
        14          0          0          0          0         68   __printf_wp.o
         0          0          0          0          0          0   __rtentry.o
        12          0          0          0          0          0   __rtentry2.o
         6          0          0          0          0          0   __rtentry4.o
        52          8          0          0          0          0   __scatter.o
        28          0          0          0          0          0   __scatter_zi.o
         6          0          0          0          0          0   _printf_c.o
        44          0          0          0          0        108   _printf_char.o
        48          6          0          0          0         96   _printf_char_common.o
        36          4          0          0          0         80   _printf_char_file.o
         6          0          0          0          0          0   _printf_d.o
       120         16          0          0          0         92   _printf_dec.o
        88          4         40          0          0         88   _printf_hex_int.o
       178          0          0          0          0         88   _printf_intcommon.o
        78          0          0          0          0        108   _printf_pad.o
         0          0          0          0          0          0   _printf_percent.o
         4          0          0          0          0          0   _printf_percent_end.o
         6          0          0          0          0          0   _printf_s.o
        82          0          0          0          0         80   _printf_str.o
         6          0          0          0          0          0   _printf_u.o
         6          0          0          0          0          0   _printf_x.o
        18          0          0          0          0         80   exit.o
         8          0          0          0          0         68   ferror.o
         6          0          0          0          0        152   heapauxi.o
         2          0          0          0          0          0   libinit.o
         6          0          0          0          0          0   libinit2.o
         2          0          0          0          0          0   libshutdown.o
         2          0          0          0          0          0   libshutdown2.o
         8          4          0          0         96         68   libspace.o
        24          4          0          0          0         84   noretval__2printf.o
         2          0          0          0          0          0   rtexit.o
        10          0          0          0          0          0   rtexit2.o
        74          0          0          0          0         80   sys_stackheap_outer.o
         2          0          0          0          0         68   use_no_semi.o
         2          0          0          0          0         68   use_no_semi_2.o
        90          4          0          0          0        140   dfixu.o
        38          0          0          0          0        116   dflt_clz.o
       340         12          0          0          0        152   dmul.o
       156          4          0          0          0        140   dnaninf.o
        12          0          0          0          0        116   dretinf.o
        10          0          0          0          0        116   fpinit.o
         0          0          0          0          0          0   usenofp.o

    ----------------------------------------------------------------------
      2128         70         60          0         96       2416   Library Totals
         6          0          3          0          0          0   (incl. Padding)

    ----------------------------------------------------------------------

      Code (inc. data)   RO Data    RW Data    ZI Data      Debug   Library Name

      1476         50         57          0         96       1636   c_w.l
       646         20          0          0          0        780   fz_wm.l

    ----------------------------------------------------------------------
      2128         70         60          0         96       2416   Library Totals

    ----------------------------------------------------------------------

==============================================================================


      Code (inc. data)   RO Data    RW Data    ZI Data      Debug   

     26146       2490      12974        384    1223328     662522   Grand Totals
     26146       2490      12974        120    1223328     662522   ELF Image Totals (compressed)
     26146       2490      12974        120          0          0   ROM Totals

==============================================================================

    Total RO  Size (Code + RO Data)                39120 (  38.20kB)
    Total RW  Size (RW Data + ZI Data)           1223712 (1195.03kB)
    Total ROM Size (Code + RO Data + RW Data)      39240 (  38.32kB)

==============================================================================

